Component: ARM Compiler 5.06 update 7 (build 960) Tool: armlink [4d3601]

==============================================================================

Section Cross References

    startup_stm32f103xb.o(RESET) refers to startup_stm32f103xb.o(STACK) for __initial_sp
    startup_stm32f103xb.o(RESET) refers to startup_stm32f103xb.o(.text) for Reset_Handler
    startup_stm32f103xb.o(RESET) refers to stm32f1xx_it.o(i.NMI_Handler) for NMI_Handler
    startup_stm32f103xb.o(RESET) refers to stm32f1xx_it.o(i.HardFault_Handler) for HardFault_Handler
    startup_stm32f103xb.o(RESET) refers to stm32f1xx_it.o(i.MemManage_Handler) for MemManage_Handler
    startup_stm32f103xb.o(RESET) refers to stm32f1xx_it.o(i.BusFault_Handler) for BusFault_Handler
    startup_stm32f103xb.o(RESET) refers to stm32f1xx_it.o(i.UsageFault_Handler) for UsageFault_Handler
    startup_stm32f103xb.o(RESET) refers to stm32f1xx_it.o(i.SVC_Handler) for SVC_Handler
    startup_stm32f103xb.o(RESET) refers to stm32f1xx_it.o(i.DebugMon_Handler) for DebugMon_Handler
    startup_stm32f103xb.o(RESET) refers to stm32f1xx_it.o(i.PendSV_Handler) for PendSV_Handler
    startup_stm32f103xb.o(RESET) refers to stm32f1xx_it.o(i.SysTick_Handler) for SysTick_Handler
    startup_stm32f103xb.o(RESET) refers to stm32f1xx_it.o(i.TIM1_UP_IRQHandler) for TIM1_UP_IRQHandler
    startup_stm32f103xb.o(.text) refers to system_stm32f1xx.o(i.SystemInit) for SystemInit
    startup_stm32f103xb.o(.text) refers to entry.o(.ARM.Collect$$$$00000000) for __main
    main.o(i.SystemClock_Config) refers to memseta.o(.text) for __aeabi_memclr4
    main.o(i.SystemClock_Config) refers to stm32f1xx_hal_rcc.o(i.HAL_RCC_OscConfig) for HAL_RCC_OscConfig
    main.o(i.SystemClock_Config) refers to main.o(i.Error_Handler) for Error_Handler
    main.o(i.SystemClock_Config) refers to stm32f1xx_hal_rcc.o(i.HAL_RCC_ClockConfig) for HAL_RCC_ClockConfig
    main.o(i.main) refers to stm32f1xx_hal.o(i.HAL_Init) for HAL_Init
    main.o(i.main) refers to main.o(i.SystemClock_Config) for SystemClock_Config
    main.o(i.main) refers to gpio.o(i.MX_GPIO_Init) for MX_GPIO_Init
    main.o(i.main) refers to i2c.o(i.MX_I2C1_Init) for MX_I2C1_Init
    main.o(i.main) refers to i2c.o(i.MX_I2C2_Init) for MX_I2C2_Init
    main.o(i.main) refers to tim.o(i.MX_TIM2_Init) for MX_TIM2_Init
    main.o(i.main) refers to usart.o(i.MX_USART1_UART_Init) for MX_USART1_UART_Init
    main.o(i.main) refers to tim.o(i.MX_TIM1_Init) for MX_TIM1_Init
    main.o(i.main) refers to oled.o(i.OLED_Init) for OLED_Init
    main.o(i.main) refers to oled.o(i.OLED_Clear) for OLED_Clear
    main.o(i.main) refers to oled.o(i.OLED_ShowString) for OLED_ShowString
    main.o(i.main) refers to mpu6050.o(i.MPU6050_Init) for MPU6050_Init
    main.o(i.main) refers to mpu6050.o(i.Gyro_Test) for Gyro_Test
    main.o(i.main) refers to control.o(i.Get_Init_Gravity) for Get_Init_Gravity
    main.o(i.main) refers to motor.o(i.Motor_Init) for Motor_Init
    main.o(i.main) refers to stm32f1xx_hal_tim.o(i.HAL_TIM_Base_Start_IT) for HAL_TIM_Base_Start_IT
    main.o(i.main) refers to oled.o(i.OLED_ShowNum) for OLED_ShowNum
    main.o(i.main) refers to ffixi.o(.text) for __aeabi_f2iz
    main.o(i.main) refers to tim.o(.bss) for htim1
    main.o(i.main) refers to mpu6050.o(.data) for Gx
    main.o(i.main) refers to control.o(.data) for CarAngle
    gpio.o(i.MX_GPIO_Init) refers to stm32f1xx_hal_gpio.o(i.HAL_GPIO_WritePin) for HAL_GPIO_WritePin
    gpio.o(i.MX_GPIO_Init) refers to stm32f1xx_hal_gpio.o(i.HAL_GPIO_Init) for HAL_GPIO_Init
    i2c.o(i.HAL_I2C_MspDeInit) refers to stm32f1xx_hal_gpio.o(i.HAL_GPIO_DeInit) for HAL_GPIO_DeInit
    i2c.o(i.HAL_I2C_MspInit) refers to stm32f1xx_hal_gpio.o(i.HAL_GPIO_Init) for HAL_GPIO_Init
    i2c.o(i.MPU_DMP_Read_Len) refers to stm32f1xx_hal_i2c.o(i.HAL_I2C_Mem_Read) for HAL_I2C_Mem_Read
    i2c.o(i.MPU_DMP_Read_Len) refers to i2c.o(.bss) for hi2c2
    i2c.o(i.MPU_DMP_Write_Len) refers to stm32f1xx_hal_i2c.o(i.HAL_I2C_Mem_Write) for HAL_I2C_Mem_Write
    i2c.o(i.MPU_DMP_Write_Len) refers to i2c.o(.bss) for hi2c2
    i2c.o(i.MX_I2C1_Init) refers to stm32f1xx_hal_i2c.o(i.HAL_I2C_Init) for HAL_I2C_Init
    i2c.o(i.MX_I2C1_Init) refers to main.o(i.Error_Handler) for Error_Handler
    i2c.o(i.MX_I2C1_Init) refers to i2c.o(.bss) for hi2c1
    i2c.o(i.MX_I2C2_Init) refers to stm32f1xx_hal_i2c.o(i.HAL_I2C_Init) for HAL_I2C_Init
    i2c.o(i.MX_I2C2_Init) refers to main.o(i.Error_Handler) for Error_Handler
    i2c.o(i.MX_I2C2_Init) refers to i2c.o(.bss) for hi2c2
    tim.o(i.HAL_TIM_Base_MspDeInit) refers to stm32f1xx_hal_cortex.o(i.HAL_NVIC_DisableIRQ) for HAL_NVIC_DisableIRQ
    tim.o(i.HAL_TIM_Base_MspInit) refers to stm32f1xx_hal_cortex.o(i.HAL_NVIC_SetPriority) for HAL_NVIC_SetPriority
    tim.o(i.HAL_TIM_Base_MspInit) refers to stm32f1xx_hal_cortex.o(i.HAL_NVIC_EnableIRQ) for HAL_NVIC_EnableIRQ
    tim.o(i.HAL_TIM_MspPostInit) refers to stm32f1xx_hal_gpio.o(i.HAL_GPIO_Init) for HAL_GPIO_Init
[...]
    inv_mpu.o(i.mpu_set_sensors) refers to i2c.o(i.MPU_DMP_Write_Len) for MPU_DMP_Write_Len
    inv_mpu.o(i.mpu_set_sensors) refers to inv_mpu.o(i.mpu_set_int_latched) for mpu_set_int_latched
    inv_mpu.o(i.mpu_set_sensors) refers to stm32f1xx_hal.o(i.HAL_Delay) for HAL_Delay
    inv_mpu.o(i.mpu_set_sensors) refers to inv_mpu.o(.data) for st
    inv_mpu.o(i.mpu_write_mem) refers to i2c.o(i.MPU_DMP_Write_Len) for MPU_DMP_Write_Len
    inv_mpu.o(i.mpu_write_mem) refers to inv_mpu.o(.data) for st
    inv_mpu.o(i.run_self_test) refers to inv_mpu.o(i.mpu_run_self_test) for mpu_run_self_test
    inv_mpu.o(i.run_self_test) refers to inv_mpu.o(i.mpu_get_gyro_sens) for mpu_get_gyro_sens
    inv_mpu.o(i.run_self_test) refers to fflti.o(.text) for __aeabi_i2f
    inv_mpu.o(i.run_self_test) refers to fmul.o(.text) for __aeabi_fmul
    inv_mpu.o(i.run_self_test) refers to ffixi.o(.text) for __aeabi_f2iz
    inv_mpu.o(i.run_self_test) refers to inv_mpu_dmp_motion_driver.o(i.dmp_set_gyro_bias) for dmp_set_gyro_bias
    inv_mpu.o(i.run_self_test) refers to inv_mpu.o(i.mpu_get_accel_sens) for mpu_get_accel_sens
    inv_mpu.o(i.run_self_test) refers to inv_mpu_dmp_motion_driver.o(i.dmp_set_accel_bias) for dmp_set_accel_bias
    inv_mpu.o(i.set_int_enable) refers to i2c.o(i.MPU_DMP_Write_Len) for MPU_DMP_Write_Len
    inv_mpu.o(i.set_int_enable) refers to inv_mpu.o(.data) for st
    inv_mpu.o(.data) refers to inv_mpu.o(.conststring) for .conststring
    inv_mpu.o(.data) refers to inv_mpu.o(.constdata) for reg
    inv_mpu_dmp_motion_driver.o(i.decode_gesture) refers to inv_mpu_dmp_motion_driver.o(.bss) for dmp
    inv_mpu_dmp_motion_driver.o(i.dmp_enable_6x_lp_quat) refers to memseta.o(.text) for __aeabi_memset
    inv_mpu_dmp_motion_driver.o(i.dmp_enable_6x_lp_quat) refers to inv_mpu.o(i.mpu_write_mem) for mpu_write_mem
    inv_mpu_dmp_motion_driver.o(i.dmp_enable_6x_lp_quat) refers to inv_mpu.o(i.mpu_reset_fifo) for mpu_reset_fifo
    inv_mpu_dmp_motion_driver.o(i.dmp_enable_feature) refers to inv_mpu.o(i.mpu_write_mem) for mpu_write_mem
    inv_mpu_dmp_motion_driver.o(i.dmp_enable_feature) refers to inv_mpu_dmp_motion_driver.o(i.dmp_enable_gyro_cal) for dmp_enable_gyro_cal
    inv_mpu_dmp_motion_driver.o(i.dmp_enable_feature) refers to inv_mpu_dmp_motion_driver.o(i.dmp_set_tap_thresh) for dmp_set_tap_thresh
    inv_mpu_dmp_motion_driver.o(i.dmp_enable_feature) refers to inv_mpu_dmp_motion_driver.o(i.dmp_set_tap_axes) for dmp_set_tap_axes
    inv_mpu_dmp_motion_driver.o(i.dmp_enable_feature) refers to inv_mpu_dmp_motion_driver.o(i.dmp_set_tap_count) for dmp_set_tap_count
    inv_mpu_dmp_motion_driver.o(i.dmp_enable_feature) refers to inv_mpu_dmp_motion_driver.o(i.dmp_set_tap_time) for dmp_set_tap_time
    inv_mpu_dmp_motion_driver.o(i.dmp_enable_feature) refers to inv_mpu_dmp_motion_driver.o(i.dmp_set_tap_time_multi) for dmp_set_tap_time_multi
    inv_mpu_dmp_motion_driver.o(i.dmp_enable_feature) refers to inv_mpu_dmp_motion_driver.o(i.dmp_set_shake_reject_thresh) for dmp_set_shake_reject_thresh
    inv_mpu_dmp_motion_driver.o(i.dmp_enable_feature) refers to inv_mpu_dmp_motion_driver.o(i.dmp_set_shake_reject_time) for dmp_set_shake_reject_time
    inv_mpu_dmp_motion_driver.o(i.dmp_enable_feature) refers to inv_mpu_dmp_motion_driver.o(i.dmp_set_shake_reject_timeout) for dmp_set_shake_reject_timeout
    inv_mpu_dmp_motion_driver.o(i.dmp_enable_feature) refers to inv_mpu_dmp_motion_driver.o(i.dmp_enable_lp_quat) for dmp_enable_lp_quat
    inv_mpu_dmp_motion_driver.o(i.dmp_enable_feature) refers to inv_mpu_dmp_motion_driver.o(i.dmp_enable_6x_lp_quat) for dmp_enable_6x_lp_quat
    inv_mpu_dmp_motion_driver.o(i.dmp_enable_feature) refers to inv_mpu.o(i.mpu_reset_fifo) for mpu_reset_fifo
    inv_mpu_dmp_motion_driver.o(i.dmp_enable_feature) refers to inv_mpu_dmp_motion_driver.o(.bss) for dmp
    inv_mpu_dmp_motion_driver.o(i.dmp_enable_gyro_cal) refers to inv_mpu.o(i.mpu_write_mem) for mpu_write_mem
    inv_mpu_dmp_motion_driver.o(i.dmp_enable_lp_quat) refers to memseta.o(.text) for __aeabi_memset
    inv_mpu_dmp_motion_driver.o(i.dmp_enable_lp_quat) refers to inv_mpu.o(i.mpu_write_mem) for mpu_write_mem
    inv_mpu_dmp_motion_driver.o(i.dmp_enable_lp_quat) refers to inv_mpu.o(i.mpu_reset_fifo) for mpu_reset_fifo
    inv_mpu_dmp_motion_driver.o(i.dmp_get_enabled_features) refers to inv_mpu_dmp_motion_driver.o(.bss) for dmp
    inv_mpu_dmp_motion_driver.o(i.dmp_get_fifo_rate) refers to inv_mpu_dmp_motion_driver.o(.bss) for dmp
    inv_mpu_dmp_motion_driver.o(i.dmp_get_pedometer_step_count) refers to inv_mpu.o(i.mpu_read_mem) for mpu_read_mem
    inv_mpu_dmp_motion_driver.o(i.dmp_get_pedometer_walk_time) refers to inv_mpu.o(i.mpu_read_mem) for mpu_read_mem
    inv_mpu_dmp_motion_driver.o(i.dmp_load_motion_driver_firmware) refers to inv_mpu.o(i.mpu_load_firmware) for mpu_load_firmware
    inv_mpu_dmp_motion_driver.o(i.dmp_load_motion_driver_firmware) refers to inv_mpu_dmp_motion_driver.o(.constdata) for dmp_memory
    inv_mpu_dmp_motion_driver.o(i.dmp_read_fifo) refers to inv_mpu.o(i.mpu_read_fifo_stream) for mpu_read_fifo_stream
    inv_mpu_dmp_motion_driver.o(i.dmp_read_fifo) refers to inv_mpu.o(i.mpu_reset_fifo) for mpu_reset_fifo
    inv_mpu_dmp_motion_driver.o(i.dmp_read_fifo) refers to inv_mpu_dmp_motion_driver.o(i.decode_gesture) for decode_gesture
    inv_mpu_dmp_motion_driver.o(i.dmp_read_fifo) refers to inv_mpu.o(i.mget_ms) for mget_ms
    inv_mpu_dmp_motion_driver.o(i.dmp_read_fifo) refers to inv_mpu_dmp_motion_driver.o(.bss) for dmp
    inv_mpu_dmp_motion_driver.o(i.dmp_register_android_orient_cb) refers to inv_mpu_dmp_motion_driver.o(.bss) for dmp
    inv_mpu_dmp_motion_driver.o(i.dmp_register_tap_cb) refers to inv_mpu_dmp_motion_driver.o(.bss) for dmp
    inv_mpu_dmp_motion_driver.o(i.dmp_set_accel_bias) refers to inv_mpu.o(i.mpu_get_accel_sens) for mpu_get_accel_sens
    inv_mpu_dmp_motion_driver.o(i.dmp_set_accel_bias) refers to inv_mpu.o(i.mpu_write_mem) for mpu_write_mem
    inv_mpu_dmp_motion_driver.o(i.dmp_set_accel_bias) refers to inv_mpu_dmp_motion_driver.o(.bss) for dmp
    inv_mpu_dmp_motion_driver.o(i.dmp_set_fifo_rate) refers to inv_mpu.o(i.mpu_write_mem) for mpu_write_mem
    inv_mpu_dmp_motion_driver.o(i.dmp_set_fifo_rate) refers to inv_mpu_dmp_motion_driver.o(.bss) for dmp
    inv_mpu_dmp_motion_driver.o(i.dmp_set_gyro_bias) refers to inv_mpu.o(i.mpu_write_mem) for mpu_write_mem
    inv_mpu_dmp_motion_driver.o(i.dmp_set_gyro_bias) refers to inv_mpu_dmp_motion_driver.o(.bss) for dmp
    inv_mpu_dmp_motion_driver.o(i.dmp_set_interrupt_mode) refers to inv_mpu.o(i.mpu_write_mem) for mpu_write_mem
    inv_mpu_dmp_motion_driver.o(i.dmp_set_orientation) refers to inv_mpu.o(i.mpu_write_mem) for mpu_write_mem
    inv_mpu_dmp_motion_driver.o(i.dmp_set_orientation) refers to inv_mpu_dmp_motion_driver.o(.bss) for dmp
    inv_mpu_dmp_motion_driver.o(i.dmp_set_pedometer_step_count) refers to inv_mpu.o(i.mpu_write_mem) for mpu_write_mem
    inv_mpu_dmp_motion_driver.o(i.dmp_set_pedometer_walk_time) refers to inv_mpu.o(i.mpu_write_mem) for mpu_write_mem
    inv_mpu_dmp_motion_driver.o(i.dmp_set_shake_reject_thresh) refers to inv_mpu.o(i.mpu_write_mem) for mpu_write_mem
    inv_mpu_dmp_motion_driver.o(i.dmp_set_shake_reject_time) refers to inv_mpu.o(i.mpu_write_mem) for mpu_write_mem
    inv_mpu_dmp_motion_driver.o(i.dmp_set_shake_reject_timeout) refers to inv_mpu.o(i.mpu_write_mem) for mpu_write_mem
    inv_mpu_dmp_motion_driver.o(i.dmp_set_tap_axes) refers to inv_mpu.o(i.mpu_write_mem) for mpu_write_mem
    inv_mpu_dmp_motion_driver.o(i.dmp_set_tap_count) refers to inv_mpu.o(i.mpu_write_mem) for mpu_write_mem
    inv_mpu_dmp_motion_driver.o(i.dmp_set_tap_thresh) refers to ffltui.o(.text) for __aeabi_ui2f
    inv_mpu_dmp_motion_driver.o(i.dmp_set_tap_thresh) refers to fdiv.o(.text) for __aeabi_fdiv
    inv_mpu_dmp_motion_driver.o(i.dmp_set_tap_thresh) refers to inv_mpu.o(i.mpu_get_accel_fsr) for mpu_get_accel_fsr
    inv_mpu_dmp_motion_driver.o(i.dmp_set_tap_thresh) refers to fmul.o(.text) for __aeabi_fmul
    inv_mpu_dmp_motion_driver.o(i.dmp_set_tap_thresh) refers to ffixui.o(.text) for __aeabi_f2uiz
    inv_mpu_dmp_motion_driver.o(i.dmp_set_tap_thresh) refers to inv_mpu.o(i.mpu_write_mem) for mpu_write_mem
    inv_mpu_dmp_motion_driver.o(i.dmp_set_tap_time) refers to inv_mpu.o(i.mpu_write_mem) for mpu_write_mem
    inv_mpu_dmp_motion_driver.o(i.dmp_set_tap_time_multi) refers to inv_mpu.o(i.mpu_write_mem) for mpu_write_mem
    log_stm32.o(i._MLPrintLog) refers to printfa.o(i.__0vsprintf) for vsprintf
    log_stm32.o(i._MLPrintLog) refers to memseta.o(.text) for __aeabi_memclr4
    log_stm32.o(i._MLPrintLog) refers to memmovea.o(.text) for __aeabi_memcpy
    log_stm32.o(i._MLPrintLog) refers to fputc.o(i.fputc) for fputc
    log_stm32.o(i.eMPL_send_data) refers to memseta.o(.text) for __aeabi_memclr4
    log_stm32.o(i.eMPL_send_data) refers to fputc.o(i.fputc) for fputc
    log_stm32.o(i.eMPL_send_quat) refers to memseta.o(.text) for __aeabi_memclr4
    log_stm32.o(i.eMPL_send_quat) refers to fputc.o(i.fputc) for fputc
    empl_outputs.o(i.inv_disable_eMPL_outputs) refers to empl_outputs.o(i.inv_stop_eMPL_outputs) for inv_stop_eMPL_outputs
    empl_outputs.o(i.inv_disable_eMPL_outputs) refers to start_manager.o(i.inv_unregister_mpl_start_notification) for inv_unregister_mpl_start_notification
    empl_outputs.o(i.inv_disable_eMPL_outputs) refers to empl_outputs.o(i.inv_start_eMPL_outputs) for inv_start_eMPL_outputs
    empl_outputs.o(i.inv_enable_eMPL_outputs) refers to empl_outputs.o(i.inv_init_eMPL_outputs) for inv_init_eMPL_outputs
    empl_outputs.o(i.inv_enable_eMPL_outputs) refers to start_manager.o(i.inv_register_mpl_start_notification) for inv_register_mpl_start_notification
    empl_outputs.o(i.inv_enable_eMPL_outputs) refers to empl_outputs.o(i.inv_start_eMPL_outputs) for inv_start_eMPL_outputs
    empl_outputs.o(i.inv_generate_eMPL_outputs) refers to results_holder.o(i.inv_get_quaternion_set) for inv_get_quaternion_set
    empl_outputs.o(i.inv_generate_eMPL_outputs) refers to empl_outputs.o(.bss) for eMPL_out
    empl_outputs.o(i.inv_get_sensor_type_accel) refers to data_builder.o(i.inv_get_accel_set) for inv_get_accel_set
    empl_outputs.o(i.inv_get_sensor_type_accel) refers to empl_outputs.o(.bss) for eMPL_out
    empl_outputs.o(i.inv_get_sensor_type_compass) refers to data_builder.o(i.inv_get_compass_set) for inv_get_compass_set
    empl_outputs.o(i.inv_get_sensor_type_compass) refers to empl_outputs.o(.bss) for eMPL_out
    empl_outputs.o(i.inv_get_sensor_type_euler) refers to ml_math_func.o(i.inv_q29_mult) for inv_q29_mult
    empl_outputs.o(i.inv_get_sensor_type_euler) refers to fflti.o(.text) for __aeabi_i2f
    empl_outputs.o(i.inv_get_sensor_type_euler) refers to atan2f.o(i.atan2f) for atan2f
    empl_outputs.o(i.inv_get_sensor_type_euler) refers to fmul.o(.text) for __aeabi_fmul
    empl_outputs.o(i.inv_get_sensor_type_euler) refers to fdiv.o(.text) for __aeabi_fdiv
    empl_outputs.o(i.inv_get_sensor_type_euler) refers to fadd.o(.text) for __aeabi_fadd
    empl_outputs.o(i.inv_get_sensor_type_euler) refers to sqrtf.o(i.sqrtf) for sqrtf
    empl_outputs.o(i.inv_get_sensor_type_euler) refers to cfrcmple.o(.text) for __aeabi_cfrcmple
    empl_outputs.o(i.inv_get_sensor_type_euler) refers to cfcmple.o(.text) for __aeabi_cfcmple
    empl_outputs.o(i.inv_get_sensor_type_euler) refers to ffixi.o(.text) for __aeabi_f2iz
    empl_outputs.o(i.inv_get_sensor_type_euler) refers to empl_outputs.o(.bss) for eMPL_out
    empl_outputs.o(i.inv_get_sensor_type_gyro) refers to data_builder.o(i.inv_get_gyro_set) for inv_get_gyro_set
    empl_outputs.o(i.inv_get_sensor_type_gyro) refers to empl_outputs.o(.bss) for eMPL_out
    empl_outputs.o(i.inv_get_sensor_type_heading) refers to ml_math_func.o(i.inv_q29_mult) for inv_q29_mult
    empl_outputs.o(i.inv_get_sensor_type_heading) refers to fflti.o(.text) for __aeabi_i2f
    empl_outputs.o(i.inv_get_sensor_type_heading) refers to atan2f.o(i.atan2f) for atan2f
    empl_outputs.o(i.inv_get_sensor_type_heading) refers to fmul.o(.text) for __aeabi_fmul
    empl_outputs.o(i.inv_get_sensor_type_heading) refers to fdiv.o(.text) for __aeabi_fdiv
    empl_outputs.o(i.inv_get_sensor_type_heading) refers to cfcmple.o(.text) for __aeabi_cfcmple
    empl_outputs.o(i.inv_get_sensor_type_heading) refers to fadd.o(.text) for __aeabi_fadd
    empl_outputs.o(i.inv_get_sensor_type_heading) refers to ffixi.o(.text) for __aeabi_f2iz
    empl_outputs.o(i.inv_get_sensor_type_heading) refers to empl_outputs.o(.bss) for eMPL_out
    empl_outputs.o(i.inv_get_sensor_type_quat) refers to empl_outputs.o(.bss) for eMPL_out
    empl_outputs.o(i.inv_get_sensor_type_rot_mat) refers to ml_math_func.o(i.inv_quaternion_to_rotation) for inv_quaternion_to_rotation
    empl_outputs.o(i.inv_get_sensor_type_rot_mat) refers to empl_outputs.o(.bss) for eMPL_out
    empl_outputs.o(i.inv_init_eMPL_outputs) refers to memseta.o(.text) for __aeabi_memclr4
    empl_outputs.o(i.inv_init_eMPL_outputs) refers to empl_outputs.o(.bss) for eMPL_out
    empl_outputs.o(i.inv_start_eMPL_outputs) refers to data_builder.o(i.inv_register_data_cb) for inv_register_data_cb
    empl_outputs.o(i.inv_start_eMPL_outputs) refers to empl_outputs.o(i.inv_generate_eMPL_outputs) for inv_generate_eMPL_outputs
    empl_outputs.o(i.inv_stop_eMPL_outputs) refers to data_builder.o(i.inv_unregister_data_cb) for inv_unregister_data_cb
    empl_outputs.o(i.inv_stop_eMPL_outputs) refers to empl_outputs.o(i.inv_generate_eMPL_outputs) for inv_generate_eMPL_outputs
    data_builder.o(i.inv_accel_was_turned_off) refers to data_builder.o(.bss) for sensors
    data_builder.o(i.inv_apply_calibration) refers to ml_math_func.o(i.inv_convert_to_body_with_scale) for inv_convert_to_body_with_scale
    data_builder.o(i.inv_build_accel) refers to data_builder.o(i.inv_apply_calibration) for inv_apply_calibration
    data_builder.o(i.inv_build_accel) refers to data_builder.o(.bss) for sensors
    data_builder.o(i.inv_build_compass) refers to data_builder.o(i.inv_set_compass_soft_iron_input_data) for inv_set_compass_soft_iron_input_data
    data_builder.o(i.inv_build_compass) refers to data_builder.o(i.inv_get_compass_soft_iron_output_data) for inv_get_compass_soft_iron_output_data
    data_builder.o(i.inv_build_compass) refers to data_builder.o(i.inv_apply_calibration) for inv_apply_calibration
    data_builder.o(i.inv_build_compass) refers to data_builder.o(.bss) for sensors
    data_builder.o(i.inv_build_gyro) refers to data_builder.o(i.inv_apply_calibration) for inv_apply_calibration
    data_builder.o(i.inv_build_gyro) refers to data_builder.o(.bss) for sensors
    data_builder.o(i.inv_build_quat) refers to data_builder.o(.bss) for sensors
    data_builder.o(i.inv_build_temp) refers to data_builder.o(.bss) for sensors
    data_builder.o(i.inv_compass_was_turned_off) refers to data_builder.o(.bss) for sensors
    data_builder.o(i.inv_db_load_func) refers to memmovea.o(.text) for __aeabi_memcpy
    data_builder.o(i.inv_db_load_func) refers to results_holder.o(i.inv_set_compass_bias_found) for inv_set_compass_bias_found
    data_builder.o(i.inv_db_load_func) refers to data_builder.o(.bss) for inv_data_builder
    data_builder.o(i.inv_db_save_func) refers to memmovea.o(.text) for __aeabi_memcpy
    data_builder.o(i.inv_db_save_func) refers to data_builder.o(.bss) for inv_data_builder
    data_builder.o(i.inv_disable_compass_soft_iron_matrix) refers to data_builder.o(.bss) for sensors
    data_builder.o(i.inv_enable_compass_soft_iron_matrix) refers to data_builder.o(.bss) for sensors
    data_builder.o(i.inv_execute_on_data) refers to data_builder.o(i.inv_set_contiguous) for inv_set_contiguous
    data_builder.o(i.inv_execute_on_data) refers to data_builder.o(.bss) for sensors
    data_builder.o(i.inv_get_accel_accuracy) refers to data_builder.o(.bss) for sensors
    data_builder.o(i.inv_get_accel_bias) refers to data_builder.o(.bss) for inv_data_builder
    data_builder.o(i.inv_get_accel_on) refers to data_builder.o(.bss) for sensors
    data_builder.o(i.inv_get_accel_orient) refers to data_builder.o(.bss) for sensors
    data_builder.o(i.inv_get_accel_sample_rate_ms) refers to data_builder.o(.bss) for sensors
    data_builder.o(i.inv_get_accel_sensitivity) refers to data_builder.o(.bss) for sensors
    data_builder.o(i.inv_get_accel_set) refers to data_builder.o(.bss) for sensors
    data_builder.o(i.inv_get_compass_bias) refers to data_builder.o(.bss) for inv_data_builder
    data_builder.o(i.inv_get_compass_disturbance) refers to data_builder.o(.bss) for inv_data_builder
    data_builder.o(i.inv_get_compass_on) refers to data_builder.o(.bss) for sensors
    data_builder.o(i.inv_get_compass_sample_rate_ms) refers to data_builder.o(.bss) for sensors
    data_builder.o(i.inv_get_compass_sensitivity) refers to data_builder.o(.bss) for sensors
    data_builder.o(i.inv_get_compass_set) refers to data_builder.o(.bss) for sensors
    data_builder.o(i.inv_get_compass_soft_iron_input_data) refers to data_builder.o(.bss) for sensors
    data_builder.o(i.inv_get_compass_soft_iron_matrix_d) refers to data_builder.o(.bss) for sensors
    data_builder.o(i.inv_get_compass_soft_iron_matrix_f) refers to data_builder.o(.bss) for sensors
    data_builder.o(i.inv_get_compass_soft_iron_output_data) refers to data_builder.o(.bss) for sensors
    data_builder.o(i.inv_get_gyro) refers to data_builder.o(.bss) for sensors
    data_builder.o(i.inv_get_gyro_accuracy) refers to data_builder.o(.bss) for sensors
    data_builder.o(i.inv_get_gyro_bias) refers to data_builder.o(.bss) for inv_data_builder
    data_builder.o(i.inv_get_gyro_bias_tc_set) refers to data_builder.o(.bss) for inv_data_builder
    data_builder.o(i.inv_get_gyro_on) refers to data_builder.o(.bss) for sensors
    data_builder.o(i.inv_get_gyro_orient) refers to data_builder.o(.bss) for sensors
    data_builder.o(i.inv_get_gyro_sample_rate_ms) refers to data_builder.o(.bss) for sensors
    data_builder.o(i.inv_get_gyro_sensitivity) refers to data_builder.o(.bss) for sensors
    data_builder.o(i.inv_get_gyro_set) refers to data_builder.o(.bss) for sensors
    data_builder.o(i.inv_get_gyro_set_raw) refers to data_builder.o(.bss) for sensors
    data_builder.o(i.inv_get_last_timestamp) refers to data_builder.o(.bss) for sensors
    data_builder.o(i.inv_get_mag_accuracy) refers to data_builder.o(.bss) for inv_data_builder
    data_builder.o(i.inv_get_temp_set) refers to data_builder.o(.bss) for sensors
    data_builder.o(i.inv_gyro_was_turned_off) refers to data_builder.o(.bss) for sensors
    data_builder.o(i.inv_init_data_builder) refers to memseta.o(.text) for __aeabi_memclr4
    data_builder.o(i.inv_init_data_builder) refers to data_builder.o(i.inv_reset_compass_soft_iron_matrix) for inv_reset_compass_soft_iron_matrix
    data_builder.o(i.inv_init_data_builder) refers to storage_manager.o(i.inv_register_load_store) for inv_register_load_store
    data_builder.o(i.inv_init_data_builder) refers to data_builder.o(.bss) for inv_data_builder
    data_builder.o(i.inv_init_data_builder) refers to data_builder.o(i.inv_db_save_func) for inv_db_save_func
    data_builder.o(i.inv_init_data_builder) refers to data_builder.o(i.inv_db_load_func) for inv_db_load_func
    data_builder.o(i.inv_matrix_vector_mult) refers to ml_math_func.o(i.inv_q30_mult) for inv_q30_mult
    data_builder.o(i.inv_quaternion_sensor_was_turned_off) refers to data_builder.o(.bss) for sensors
    data_builder.o(i.inv_register_data_cb) refers to log_stm32.o(i._MLPrintLog) for _MLPrintLog
    data_builder.o(i.inv_register_data_cb) refers to data_builder.o(.bss) for inv_data_builder
    data_builder.o(i.inv_register_data_cb) refers to data_builder.o(.conststring) for .conststring
    data_builder.o(i.inv_reset_compass_soft_iron_matrix) refers to memseta.o(.text) for __aeabi_memclr4
    data_builder.o(i.inv_reset_compass_soft_iron_matrix) refers to data_builder.o(i.inv_disable_compass_soft_iron_matrix) for inv_disable_compass_soft_iron_matrix
    data_builder.o(i.inv_reset_compass_soft_iron_matrix) refers to data_builder.o(.bss) for sensors
    data_builder.o(i.inv_set_accel_accuracy) refers to message_layer.o(i.inv_set_message) for inv_set_message
    data_builder.o(i.inv_set_accel_accuracy) refers to data_builder.o(.bss) for sensors
    data_builder.o(i.inv_set_accel_bandwidth) refers to data_builder.o(.bss) for sensors
    data_builder.o(i.inv_set_accel_bias) refers to memcmp.o(.text) for memcmp
    data_builder.o(i.inv_set_accel_bias) refers to data_builder.o(i.inv_apply_calibration) for inv_apply_calibration
    data_builder.o(i.inv_set_accel_bias) refers to message_layer.o(i.inv_set_message) for inv_set_message
    data_builder.o(i.inv_set_accel_bias) refers to data_builder.o(.bss) for inv_data_builder
    data_builder.o(i.inv_set_accel_bias_mask) refers to data_builder.o(i.inv_apply_calibration) for inv_apply_calibration
    data_builder.o(i.inv_set_accel_bias_mask) refers to message_layer.o(i.inv_set_message) for inv_set_message
    data_builder.o(i.inv_set_accel_bias_mask) refers to data_builder.o(.bss) for inv_data_builder
    data_builder.o(i.inv_set_accel_orientation_and_scale) refers to data_builder.o(i.set_sensor_orientation_and_scale) for set_sensor_orientation_and_scale
    data_builder.o(i.inv_set_accel_orientation_and_scale) refers to data_builder.o(.bss) for sensors
    data_builder.o(i.inv_set_accel_sample_rate) refers to data_builder.o(.bss) for sensors
    data_builder.o(i.inv_set_compass_bandwidth) refers to data_builder.o(.bss) for sensors
    data_builder.o(i.inv_set_compass_bias) refers to memcmp.o(.text) for memcmp
    data_builder.o(i.inv_set_compass_bias) refers to data_builder.o(i.inv_apply_calibration) for inv_apply_calibration
    data_builder.o(i.inv_set_compass_bias) refers to message_layer.o(i.inv_set_message) for inv_set_message
    data_builder.o(i.inv_set_compass_bias) refers to data_builder.o(.bss) for inv_data_builder
    data_builder.o(i.inv_set_compass_disturbance) refers to data_builder.o(.bss) for inv_data_builder
    data_builder.o(i.inv_set_compass_orientation_and_scale) refers to data_builder.o(i.set_sensor_orientation_and_scale) for set_sensor_orientation_and_scale
    data_builder.o(i.inv_set_compass_orientation_and_scale) refers to data_builder.o(.bss) for sensors
    data_builder.o(i.inv_set_compass_sample_rate) refers to data_builder.o(.bss) for sensors
    data_builder.o(i.inv_set_compass_soft_iron_input_data) refers to ml_math_func.o(i.mlMatrixVectorMult) for mlMatrixVectorMult
    data_builder.o(i.inv_set_compass_soft_iron_input_data) refers to data_builder.o(.bss) for sensors
    data_builder.o(i.inv_set_compass_soft_iron_matrix_d) refers to fflti.o(.text) for __aeabi_i2f
    data_builder.o(i.inv_set_compass_soft_iron_matrix_d) refers to fdiv.o(.text) for __aeabi_fdiv
    data_builder.o(i.inv_set_compass_soft_iron_matrix_d) refers to data_builder.o(.bss) for sensors
    data_builder.o(i.inv_set_compass_soft_iron_matrix_f) refers to fmul.o(.text) for __aeabi_fmul
    data_builder.o(i.inv_set_compass_soft_iron_matrix_f) refers to ffixi.o(.text) for __aeabi_f2iz
    data_builder.o(i.inv_set_compass_soft_iron_matrix_f) refers to data_builder.o(.bss) for sensors
    data_builder.o(i.inv_set_contiguous) refers to data_builder.o(.bss) for sensors
    data_builder.o(i.inv_set_gyro_bandwidth) refers to data_builder.o(.bss) for sensors
    data_builder.o(i.inv_set_gyro_bias) refers to memcmp.o(.text) for memcmp
    data_builder.o(i.inv_set_gyro_bias) refers to data_builder.o(i.inv_apply_calibration) for inv_apply_calibration
    data_builder.o(i.inv_set_gyro_bias) refers to message_layer.o(i.inv_set_message) for inv_set_message
    data_builder.o(i.inv_set_gyro_bias) refers to data_builder.o(.bss) for inv_data_builder
    data_builder.o(i.inv_set_gyro_orientation_and_scale) refers to data_builder.o(i.set_sensor_orientation_and_scale) for set_sensor_orientation_and_scale
    data_builder.o(i.inv_set_gyro_orientation_and_scale) refers to data_builder.o(.bss) for sensors
    data_builder.o(i.inv_set_gyro_sample_rate) refers to data_builder.o(.bss) for sensors
    data_builder.o(i.inv_set_quat_sample_rate) refers to data_builder.o(.bss) for sensors
    data_builder.o(i.inv_temperature_was_turned_off) refers to data_builder.o(.bss) for sensors
    data_builder.o(i.inv_unregister_data_cb) refers to data_builder.o(.bss) for inv_data_builder
    hal_outputs.o(i.google_orientation) refers to hal_outputs.o(i.inv_get_rotation) for inv_get_rotation
    hal_outputs.o(i.google_orientation) refers to atan2f.o(i.atan2f) for atan2f
    hal_outputs.o(i.google_orientation) refers to fmul.o(.text) for __aeabi_fmul
    hal_outputs.o(i.google_orientation) refers to asinf.o(i.asinf) for asinf
    hal_outputs.o(i.google_orientation) refers to cfcmple.o(.text) for __aeabi_cfcmple
    hal_outputs.o(i.google_orientation) refers to fadd.o(.text) for __aeabi_fadd
    hal_outputs.o(i.inv_disable_hal_outputs) refers to hal_outputs.o(i.inv_stop_hal_outputs) for inv_stop_hal_outputs
    hal_outputs.o(i.inv_disable_hal_outputs) refers to start_manager.o(i.inv_unregister_mpl_start_notification) for inv_unregister_mpl_start_notification
    hal_outputs.o(i.inv_disable_hal_outputs) refers to hal_outputs.o(i.inv_start_hal_outputs) for inv_start_hal_outputs
    hal_outputs.o(i.inv_enable_hal_outputs) refers to hal_outputs.o(i.inv_init_hal_outputs) for inv_init_hal_outputs
    hal_outputs.o(i.inv_enable_hal_outputs) refers to start_manager.o(i.inv_register_mpl_start_notification) for inv_register_mpl_start_notification
    hal_outputs.o(i.inv_enable_hal_outputs) refers to hal_outputs.o(i.inv_start_hal_outputs) for inv_start_hal_outputs
    hal_outputs.o(i.inv_generate_hal_outputs) refers to results_holder.o(i.inv_get_quaternion_set) for inv_get_quaternion_set
    hal_outputs.o(i.inv_generate_hal_outputs) refers to data_builder.o(i.inv_get_compass_set) for inv_get_compass_set
    hal_outputs.o(i.inv_generate_hal_outputs) refers to fflti.o(.text) for __aeabi_i2f
    hal_outputs.o(i.inv_generate_hal_outputs) refers to ml_math_func.o(i.inv_calc_state_to_match_output) for inv_calc_state_to_match_output
    hal_outputs.o(i.inv_generate_hal_outputs) refers to ml_math_func.o(i.inv_biquad_filter_process) for inv_biquad_filter_process
    hal_outputs.o(i.inv_generate_hal_outputs) refers to fmul.o(.text) for __aeabi_fmul
    hal_outputs.o(i.inv_generate_hal_outputs) refers to hal_outputs.o(.bss) for hal_out
    hal_outputs.o(i.inv_get_rotation) refers to ml_math_func.o(i.inv_quaternion_to_rotation) for inv_quaternion_to_rotation
    hal_outputs.o(i.inv_get_rotation) refers to fflti.o(.text) for __aeabi_i2f
    hal_outputs.o(i.inv_get_rotation) refers to fmul.o(.text) for __aeabi_fmul
    hal_outputs.o(i.inv_get_rotation) refers to hal_outputs.o(.bss) for hal_out
    hal_outputs.o(i.inv_get_sensor_type_accelerometer) refers to data_builder.o(i.inv_get_accel_set) for inv_get_accel_set
    hal_outputs.o(i.inv_get_sensor_type_accelerometer) refers to fflti.o(.text) for __aeabi_i2f
    hal_outputs.o(i.inv_get_sensor_type_accelerometer) refers to fmul.o(.text) for __aeabi_fmul
    hal_outputs.o(i.inv_get_sensor_type_accelerometer) refers to hal_outputs.o(.bss) for hal_out
    hal_outputs.o(i.inv_get_sensor_type_gravity) refers to results_holder.o(i.inv_get_gravity) for inv_get_gravity
    hal_outputs.o(i.inv_get_sensor_type_gravity) refers to fflti.o(.text) for __aeabi_i2f
    hal_outputs.o(i.inv_get_sensor_type_gravity) refers to fmul.o(.text) for __aeabi_fmul
    hal_outputs.o(i.inv_get_sensor_type_gravity) refers to hal_outputs.o(.bss) for hal_out
    hal_outputs.o(i.inv_get_sensor_type_gyroscope) refers to data_builder.o(i.inv_get_gyro_set) for inv_get_gyro_set
    hal_outputs.o(i.inv_get_sensor_type_gyroscope) refers to fflti.o(.text) for __aeabi_i2f
    hal_outputs.o(i.inv_get_sensor_type_gyroscope) refers to fmul.o(.text) for __aeabi_fmul
    hal_outputs.o(i.inv_get_sensor_type_gyroscope) refers to hal_outputs.o(.bss) for hal_out
    hal_outputs.o(i.inv_get_sensor_type_gyroscope_raw) refers to data_builder.o(i.inv_get_gyro_set_raw) for inv_get_gyro_set_raw
    hal_outputs.o(i.inv_get_sensor_type_gyroscope_raw) refers to fflti.o(.text) for __aeabi_i2f
    hal_outputs.o(i.inv_get_sensor_type_gyroscope_raw) refers to fmul.o(.text) for __aeabi_fmul
    hal_outputs.o(i.inv_get_sensor_type_gyroscope_raw) refers to hal_outputs.o(.bss) for hal_out
    hal_outputs.o(i.inv_get_sensor_type_linear_acceleration) refers to data_builder.o(i.inv_get_accel_set) for inv_get_accel_set
    hal_outputs.o(i.inv_get_sensor_type_linear_acceleration) refers to results_holder.o(i.inv_get_gravity) for inv_get_gravity
    hal_outputs.o(i.inv_get_sensor_type_linear_acceleration) refers to fflti.o(.text) for __aeabi_i2f
    hal_outputs.o(i.inv_get_sensor_type_linear_acceleration) refers to fmul.o(.text) for __aeabi_fmul
    hal_outputs.o(i.inv_get_sensor_type_magnetic_field) refers to hal_outputs.o(.bss) for hal_out
    hal_outputs.o(i.inv_get_sensor_type_orientation) refers to hal_outputs.o(i.google_orientation) for google_orientation
    hal_outputs.o(i.inv_get_sensor_type_orientation) refers to hal_outputs.o(.bss) for hal_out
    hal_outputs.o(i.inv_get_sensor_type_rotation_vector) refers to fflti.o(.text) for __aeabi_i2f
    hal_outputs.o(i.inv_get_sensor_type_rotation_vector) refers to fmul.o(.text) for __aeabi_fmul
    hal_outputs.o(i.inv_get_sensor_type_rotation_vector) refers to results_holder.o(i.inv_get_heading_confidence_interval) for inv_get_heading_confidence_interval
    hal_outputs.o(i.inv_get_sensor_type_rotation_vector) refers to hal_outputs.o(.bss) for hal_out
    hal_outputs.o(i.inv_init_hal_outputs) refers to memseta.o(.text) for __aeabi_memclr4
    hal_outputs.o(i.inv_init_hal_outputs) refers to ml_math_func.o(i.inv_init_biquad_filter) for inv_init_biquad_filter
    hal_outputs.o(i.inv_init_hal_outputs) refers to hal_outputs.o(.bss) for hal_out
    hal_outputs.o(i.inv_init_hal_outputs) refers to hal_outputs.o(.data) for compass_low_pass_filter_coeff
    hal_outputs.o(i.inv_start_hal_outputs) refers to data_builder.o(i.inv_register_data_cb) for inv_register_data_cb
    hal_outputs.o(i.inv_start_hal_outputs) refers to hal_outputs.o(i.inv_generate_hal_outputs) for inv_generate_hal_outputs
    hal_outputs.o(i.inv_stop_hal_outputs) refers to data_builder.o(i.inv_unregister_data_cb) for inv_unregister_data_cb
    hal_outputs.o(i.inv_stop_hal_outputs) refers to hal_outputs.o(i.inv_generate_hal_outputs) for inv_generate_hal_outputs
    message_layer.o(i.inv_get_message_level_0) refers to message_layer.o(.data) for mh
    message_layer.o(i.inv_set_message) refers to message_layer.o(.data) for mh
    ml_math_func.o(i.inv_angle_diff) refers to ml_math_func.o(i.inv_wrap_angle) for inv_wrap_angle
    ml_math_func.o(i.inv_angle_diff) refers to fadd.o(.text) for __aeabi_fsub
    ml_math_func.o(i.inv_angle_diff) refers to f2d.o(.text) for __aeabi_f2d
    ml_math_func.o(i.inv_angle_diff) refers to cdrcmple.o(.text) for __aeabi_cdrcmple
    ml_math_func.o(i.inv_angle_diff) refers to cfcmple.o(.text) for __aeabi_cfcmple
    ml_math_func.o(i.inv_biquad_filter_process) refers to fmul.o(.text) for __aeabi_fmul
    ml_math_func.o(i.inv_biquad_filter_process) refers to fadd.o(.text) for __aeabi_frsub
    ml_math_func.o(i.inv_calc_state_to_match_output) refers to fadd.o(.text) for __aeabi_fadd
    ml_math_func.o(i.inv_calc_state_to_match_output) refers to fdiv.o(.text) for __aeabi_fdiv
    ml_math_func.o(i.inv_compass_angle) refers to ml_math_func.o(i.inv_q30_mult) for inv_q30_mult
    ml_math_func.o(i.inv_compass_angle) refers to ml_math_func.o(i.inv_q_mult) for inv_q_mult
    ml_math_func.o(i.inv_compass_angle) refers to ml_math_func.o(i.inv_q_invert) for inv_q_invert
    ml_math_func.o(i.inv_compass_angle) refers to ml_math_func.o(i.inv_q30_to_float) for inv_q30_to_float
    ml_math_func.o(i.inv_compass_angle) refers to atan2f.o(i.atan2f) for atan2f
    ml_math_func.o(i.inv_convert_to_body_with_scale) refers to ml_math_func.o(i.inv_q30_mult) for inv_q30_mult
    ml_math_func.o(i.inv_cosf) refers to fmul.o(.text) for __aeabi_fmul
    ml_math_func.o(i.inv_cosf) refers to fdiv.o(.text) for __aeabi_fdiv
    ml_math_func.o(i.inv_cosf) refers to ffixui.o(.text) for __aeabi_f2uiz
    ml_math_func.o(i.inv_cosf) refers to ml_math_func.o(.constdata) for sin_lookup
    ml_math_func.o(i.inv_get_cross_product_vec) refers to fmul.o(.text) for __aeabi_fmul
    ml_math_func.o(i.inv_get_cross_product_vec) refers to fadd.o(.text) for __aeabi_fsub
    ml_math_func.o(i.inv_matrix_det) refers to fmul.o(.text) for __aeabi_fmul
    ml_math_func.o(i.inv_matrix_det) refers to fadd.o(.text) for __aeabi_fsub
    ml_math_func.o(i.inv_matrix_det) refers to ml_math_func.o(i.inv_matrix_det_inc) for inv_matrix_det_inc
    ml_math_func.o(i.inv_matrix_det) refers to fflti.o(.text) for __aeabi_i2f
    ml_math_func.o(i.inv_matrix_detd) refers to dmul.o(.text) for __aeabi_dmul
    ml_math_func.o(i.inv_matrix_detd) refers to dadd.o(.text) for __aeabi_dsub
    ml_math_func.o(i.inv_matrix_detd) refers to ml_math_func.o(i.inv_matrix_det_incd) for inv_matrix_det_incd
    ml_math_func.o(i.inv_matrix_detd) refers to dflti.o(.text) for __aeabi_i2d
    ml_math_func.o(i.inv_orientation_matrix_to_scalar) refers to ml_math_func.o(i.inv_row_2_scale) for inv_row_2_scale
    ml_math_func.o(i.inv_q30_div) refers to ldiv.o(.text) for __aeabi_ldivmod
    ml_math_func.o(i.inv_q30_to_double) refers to dflti.o(.text) for __aeabi_i2d
    ml_math_func.o(i.inv_q30_to_double) refers to ddiv.o(.text) for __aeabi_ddiv
    ml_math_func.o(i.inv_q30_to_float) refers to fflti.o(.text) for __aeabi_i2f
    ml_math_func.o(i.inv_q30_to_float) refers to fdiv.o(.text) for __aeabi_fdiv
    ml_math_func.o(i.inv_q_addf) refers to fadd.o(.text) for __aeabi_fadd
    ml_math_func.o(i.inv_q_mult) refers to ml_math_func.o(i.inv_q30_mult) for inv_q30_mult
    ml_math_func.o(i.inv_q_multf) refers to fmul.o(.text) for __aeabi_fmul
    ml_math_func.o(i.inv_q_multf) refers to fadd.o(.text) for __aeabi_fsub
    ml_math_func.o(i.inv_q_norm4) refers to fmul.o(.text) for __aeabi_fmul
    ml_math_func.o(i.inv_q_norm4) refers to fadd.o(.text) for __aeabi_fadd
    ml_math_func.o(i.inv_q_norm4) refers to sqrtf.o(i.sqrtf) for sqrtf
    ml_math_func.o(i.inv_q_norm4) refers to cfcmple.o(.text) for __aeabi_cfcmpeq
    ml_math_func.o(i.inv_q_norm4) refers to fdiv.o(.text) for __aeabi_fdiv
    ml_math_func.o(i.inv_q_normalize) refers to ml_math_func.o(i.inv_vector_normalize) for inv_vector_normalize
    ml_math_func.o(i.inv_q_normalizef) refers to fmul.o(.text) for __aeabi_fmul
    ml_math_func.o(i.inv_q_normalizef) refers to fadd.o(.text) for __aeabi_fadd
    ml_math_func.o(i.inv_q_normalizef) refers to cfcmple.o(.text) for __aeabi_cfcmple
    ml_math_func.o(i.inv_q_rotate) refers to ml_math_func.o(i.inv_q_mult) for inv_q_mult
    ml_math_func.o(i.inv_q_rotate) refers to ml_math_func.o(i.inv_q_invert) for inv_q_invert
    ml_math_func.o(i.inv_q_shift_mult) refers to llsshr.o(.text) for __aeabi_lasr
    ml_math_func.o(i.inv_quaternion_to_rotation) refers to ml_math_func.o(i.inv_q29_mult) for inv_q29_mult
    ml_math_func.o(i.inv_quaternion_to_rotation_vector) refers to dflti.o(.text) for __aeabi_i2d
    ml_math_func.o(i.inv_quaternion_to_rotation_vector) refers to cdcmple.o(.text) for __aeabi_cdcmple
    ml_math_func.o(i.inv_sinf) refers to fmul.o(.text) for __aeabi_fmul
    ml_math_func.o(i.inv_sinf) refers to fdiv.o(.text) for __aeabi_fdiv
    ml_math_func.o(i.inv_sinf) refers to ffixui.o(.text) for __aeabi_f2uiz
    ml_math_func.o(i.inv_sinf) refers to ml_math_func.o(.constdata) for sin_lookup
    ml_math_func.o(i.inv_vector_norm) refers to fmul.o(.text) for __aeabi_fmul
    ml_math_func.o(i.inv_vector_norm) refers to fadd.o(.text) for __aeabi_fadd
    ml_math_func.o(i.inv_vector_norm) refers to f2d.o(.text) for __aeabi_f2d
    ml_math_func.o(i.inv_vector_norm) refers to sqrt.o(i.sqrt) for sqrt
    ml_math_func.o(i.inv_vector_normalize) refers to ml_math_func.o(i.inv_q30_to_double) for inv_q30_to_double
    ml_math_func.o(i.inv_vector_normalize) refers to dmul.o(.text) for __aeabi_dmul
    ml_math_func.o(i.inv_vector_normalize) refers to dadd.o(.text) for __aeabi_dadd
    ml_math_func.o(i.inv_vector_normalize) refers to cdrcmple.o(.text) for __aeabi_cdrcmple
    ml_math_func.o(i.inv_vector_normalize) refers to sqrt.o(i.sqrt) for sqrt
    ml_math_func.o(i.inv_vector_normalize) refers to ddiv.o(.text) for __aeabi_ddiv
    ml_math_func.o(i.inv_vector_normalize) refers to dflti.o(.text) for __aeabi_i2d
    ml_math_func.o(i.inv_vector_normalize) refers to dfixi.o(.text) for __aeabi_d2iz
    ml_math_func.o(i.inv_wrap_angle) refers to f2d.o(.text) for __aeabi_f2d
    ml_math_func.o(i.inv_wrap_angle) refers to cdrcmple.o(.text) for __aeabi_cdrcmple
    ml_math_func.o(i.inv_wrap_angle) refers to fadd.o(.text) for __aeabi_fsub
    ml_math_func.o(i.inv_wrap_angle) refers to cfcmple.o(.text) for __aeabi_cfcmple
    ml_math_func.o(i.mlMatrixVectorMult) refers to ml_math_func.o(i.inv_q30_mult) for inv_q30_mult
    ml_math_func.o(i.quaternion_to_rotation_angle) refers to dflti.o(.text) for __aeabi_i2d
    ml_math_func.o(i.quaternion_to_rotation_angle) refers to ddiv.o(.text) for __aeabi_ddiv
    ml_math_func.o(i.quaternion_to_rotation_angle) refers to cdrcmple.o(.text) for __aeabi_cdrcmple
    ml_math_func.o(i.quaternion_to_rotation_angle) refers to cdcmple.o(.text) for __aeabi_cdcmple
    ml_math_func.o(i.quaternion_to_rotation_angle) refers to acos.o(i.acos) for acos
    ml_math_func.o(i.quaternion_to_rotation_angle) refers to dmul.o(.text) for __aeabi_dmul
    mlmath.o(i.ml_acos) refers to acos.o(i.acos) for acos
    mlmath.o(i.ml_asin) refers to asin.o(i.asin) for asin
    mlmath.o(i.ml_atan) refers to atan.o(i.atan) for atan
    mlmath.o(i.ml_atan2) refers to atan2.o(i.atan2) for atan2
    mlmath.o(i.ml_ceil) refers to ceil.o(i.ceil) for ceil
    mlmath.o(i.ml_cos) refers to cos.o(i.cos) for cos
    mlmath.o(i.ml_floor) refers to floor.o(i.floor) for floor
    mlmath.o(i.ml_log) refers to log.o(i.log) for log
    mlmath.o(i.ml_pow) refers to pow.o(i.pow) for pow
    mlmath.o(i.ml_sin) refers to sin.o(i.sin) for sin
    mlmath.o(i.ml_sqrt) refers to sqrt.o(i.sqrt) for sqrt
    mpl.o(i.__print_result_location) refers to log_stm32.o(i._MLPrintLog) for _MLPrintLog
    mpl.o(i.inv_get_version) refers to mpl.o(.constdata) for ml_ver
    mpl.o(i.inv_init_mpl) refers to storage_manager.o(i.inv_init_storage_manager) for inv_init_storage_manager
    mpl.o(i.inv_init_mpl) refers to start_manager.o(i.inv_init_start_manager) for inv_init_start_manager
    mpl.o(i.inv_init_mpl) refers to mpl.o(i.__print_result_location) for __print_result_location
    mpl.o(i.inv_init_mpl) refers to data_builder.o(i.inv_init_data_builder) for inv_init_data_builder
    mpl.o(i.inv_init_mpl) refers to results_holder.o(i.inv_enable_results_holder) for inv_enable_results_holder
    mpl.o(i.inv_init_mpl) refers to mpl.o(.constdata) for __func__
    mpl.o(i.inv_start_mpl) refers to start_manager.o(i.inv_execute_mpl_start_notification) for inv_execute_mpl_start_notification
    mpl.o(i.inv_start_mpl) refers to mpl.o(i.__print_result_location) for __print_result_location
    mpl.o(i.inv_start_mpl) refers to mpl.o(.constdata) for __func__
    results_holder.o(i.inv_enable_results_holder) refers to results_holder.o(i.inv_init_results_holder) for inv_init_results_holder
    results_holder.o(i.inv_enable_results_holder) refers to start_manager.o(i.inv_register_mpl_start_notification) for inv_register_mpl_start_notification
    results_holder.o(i.inv_enable_results_holder) refers to results_holder.o(i.inv_start_results_holder) for inv_start_results_holder
    results_holder.o(i.inv_generate_results) refers to results_holder.o(.bss) for rh
    results_holder.o(i.inv_get_6axis_quaternion) refers to results_holder.o(.bss) for rh
    results_holder.o(i.inv_get_acc_state) refers to results_holder.o(.bss) for rh
    results_holder.o(i.inv_get_accel) refers to data_builder.o(i.inv_get_accel_set) for inv_get_accel_set
    results_holder.o(i.inv_get_accel_float) refers to results_holder.o(i.inv_get_accel) for inv_get_accel
    results_holder.o(i.inv_get_accel_float) refers to fflti.o(.text) for __aeabi_i2f
    results_holder.o(i.inv_get_accel_float) refers to fdiv.o(.text) for __aeabi_fdiv
    results_holder.o(i.inv_get_compass_bias_error) refers to results_holder.o(.bss) for rh
    results_holder.o(i.inv_get_compass_correction) refers to results_holder.o(.bss) for rh
    results_holder.o(i.inv_get_compass_state) refers to results_holder.o(.bss) for rh
    results_holder.o(i.inv_get_gravity) refers to ml_math_func.o(i.inv_q29_mult) for inv_q29_mult
    results_holder.o(i.inv_get_gravity) refers to results_holder.o(.bss) for rh
    results_holder.o(i.inv_get_gyro_float) refers to data_builder.o(i.inv_get_gyro_set) for inv_get_gyro_set
    results_holder.o(i.inv_get_gyro_float) refers to fflti.o(.text) for __aeabi_i2f
    results_holder.o(i.inv_get_gyro_float) refers to fdiv.o(.text) for __aeabi_fdiv
    results_holder.o(i.inv_get_heading_confidence_interval) refers to results_holder.o(.bss) for rh
    results_holder.o(i.inv_get_large_mag_field) refers to results_holder.o(.bss) for rh
    results_holder.o(i.inv_get_linear_accel) refers to data_builder.o(i.inv_get_accel_set) for inv_get_accel_set
    results_holder.o(i.inv_get_linear_accel) refers to results_holder.o(i.inv_get_gravity) for inv_get_gravity
    results_holder.o(i.inv_get_linear_accel_float) refers to results_holder.o(i.inv_get_linear_accel) for inv_get_linear_accel
    results_holder.o(i.inv_get_linear_accel_float) refers to fflti.o(.text) for __aeabi_i2f
    results_holder.o(i.inv_get_linear_accel_float) refers to fdiv.o(.text) for __aeabi_fdiv
    results_holder.o(i.inv_get_local_field) refers to results_holder.o(.bss) for rh
    results_holder.o(i.inv_get_mag_scale) refers to results_holder.o(.bss) for rh
    results_holder.o(i.inv_get_motion_state) refers to results_holder.o(.bss) for rh
    results_holder.o(i.inv_get_quaternion) refers to ml_math_func.o(i.inv_q_mult) for inv_q_mult
    results_holder.o(i.inv_get_quaternion) refers to results_holder.o(.bss) for rh
    results_holder.o(i.inv_get_quaternion_float) refers to results_holder.o(i.inv_get_quaternion) for inv_get_quaternion
    results_holder.o(i.inv_get_quaternion_float) refers to results_holder.o(i.inv_q30_to_float) for inv_q30_to_float
    results_holder.o(i.inv_get_quaternion_set) refers to results_holder.o(i.inv_get_quaternion) for inv_get_quaternion
    results_holder.o(i.inv_get_quaternion_set) refers to data_builder.o(i.inv_get_last_timestamp) for inv_get_last_timestamp
    results_holder.o(i.inv_get_quaternion_set) refers to data_builder.o(i.inv_get_compass_on) for inv_get_compass_on
    results_holder.o(i.inv_get_quaternion_set) refers to data_builder.o(i.inv_get_mag_accuracy) for inv_get_mag_accuracy
    results_holder.o(i.inv_get_quaternion_set) refers to data_builder.o(i.inv_get_gyro_on) for inv_get_gyro_on
    results_holder.o(i.inv_get_quaternion_set) refers to data_builder.o(i.inv_get_gyro_accuracy) for inv_get_gyro_accuracy
    results_holder.o(i.inv_get_quaternion_set) refers to data_builder.o(i.inv_get_accel_on) for inv_get_accel_on
    results_holder.o(i.inv_get_quaternion_set) refers to data_builder.o(i.inv_get_accel_accuracy) for inv_get_accel_accuracy
    results_holder.o(i.inv_got_accel_bias) refers to results_holder.o(.bss) for rh
    results_holder.o(i.inv_got_compass_bias) refers to results_holder.o(.bss) for rh
    results_holder.o(i.inv_init_results_holder) refers to memseta.o(.text) for __aeabi_memclr4
    results_holder.o(i.inv_init_results_holder) refers to results_holder.o(.bss) for rh
    results_holder.o(i.inv_q30_to_float) refers to fflti.o(.text) for __aeabi_i2f
    results_holder.o(i.inv_q30_to_float) refers to fdiv.o(.text) for __aeabi_fdiv
    results_holder.o(i.inv_set_acc_state) refers to results_holder.o(.bss) for rh
    results_holder.o(i.inv_set_accel_bias_found) refers to results_holder.o(.bss) for rh
    results_holder.o(i.inv_set_compass_bias_error) refers to results_holder.o(.bss) for rh
    results_holder.o(i.inv_set_compass_bias_found) refers to results_holder.o(.bss) for rh
    results_holder.o(i.inv_set_compass_correction) refers to results_holder.o(.bss) for rh
    results_holder.o(i.inv_set_compass_state) refers to results_holder.o(.bss) for rh
    results_holder.o(i.inv_set_heading_confidence_interval) refers to results_holder.o(.bss) for rh
    results_holder.o(i.inv_set_large_mag_field) refers to results_holder.o(.bss) for rh
    results_holder.o(i.inv_set_local_field) refers to results_holder.o(.bss) for rh
    results_holder.o(i.inv_set_mag_scale) refers to results_holder.o(.bss) for rh
    results_holder.o(i.inv_set_motion_state) refers to message_layer.o(i.inv_set_message) for inv_set_message
    results_holder.o(i.inv_set_motion_state) refers to results_holder.o(.bss) for rh
    results_holder.o(i.inv_start_results_holder) refers to data_builder.o(i.inv_register_data_cb) for inv_register_data_cb
    results_holder.o(i.inv_start_results_holder) refers to results_holder.o(i.inv_generate_results) for inv_generate_results
    results_holder.o(i.inv_store_gaming_quaternion) refers to results_holder.o(.bss) for rh
    start_manager.o(i.inv_execute_mpl_start_notification) refers to start_manager.o(.bss) for inv_start_cb
    start_manager.o(i.inv_init_start_manager) refers to memseta.o(.text) for __aeabi_memclr4
    start_manager.o(i.inv_init_start_manager) refers to start_manager.o(.bss) for inv_start_cb
    start_manager.o(i.inv_register_mpl_start_notification) refers to start_manager.o(.bss) for inv_start_cb
    start_manager.o(i.inv_unregister_mpl_start_notification) refers to memmovea.o(.text) for __aeabi_memmove4
    start_manager.o(i.inv_unregister_mpl_start_notification) refers to start_manager.o(.bss) for inv_start_cb
    storage_manager.o(i.inv_find_entry) refers to storage_manager.o(.bss) for ds
    storage_manager.o(i.inv_get_mpl_state_size) refers to storage_manager.o(.bss) for ds
    storage_manager.o(i.inv_init_storage_manager) refers to memseta.o(.text) for __aeabi_memclr4
    storage_manager.o(i.inv_init_storage_manager) refers to storage_manager.o(.bss) for ds
    storage_manager.o(i.inv_load_mpl_states) refers to ml_math_func.o(i.inv_checksum) for inv_checksum
    storage_manager.o(i.inv_load_mpl_states) refers to storage_manager.o(i.inv_find_entry) for inv_find_entry
    storage_manager.o(i.inv_load_mpl_states) refers to storage_manager.o(.bss) for ds
    storage_manager.o(i.inv_register_load_store) refers to storage_manager.o(.bss) for ds
    storage_manager.o(i.inv_save_mpl_states) refers to ml_math_func.o(i.inv_checksum) for inv_checksum
    storage_manager.o(i.inv_save_mpl_states) refers to storage_manager.o(.bss) for ds
    acos.o(i.__softfp_acos) refers (Special) to iusefp.o(.text) for __I$use$fp
    acos.o(i.__softfp_acos) refers to acos.o(i.acos) for acos
    acos.o(i.acos) refers (Special) to iusefp.o(.text) for __I$use$fp
    acos.o(i.acos) refers to dunder.o(i.__mathlib_dbl_infnan) for __mathlib_dbl_infnan
    acos.o(i.acos) refers to errno.o(i.__set_errno) for __set_errno
    acos.o(i.acos) refers to dunder.o(i.__mathlib_dbl_invalid) for __mathlib_dbl_invalid
    acos.o(i.acos) refers to dmul.o(.text) for __aeabi_dmul
    acos.o(i.acos) refers to poly.o(i.__kernel_poly) for __kernel_poly
    acos.o(i.acos) refers to dadd.o(.text) for __aeabi_dadd
    acos.o(i.acos) refers to ddiv.o(.text) for __aeabi_ddiv
    acos.o(i.acos) refers to dscalb.o(.text) for __ARM_scalbn
    acos.o(i.acos) refers to sqrt.o(i.sqrt) for sqrt
    acos.o(i.acos) refers to acos.o(.constdata) for .constdata
    acos.o(.constdata) refers (Special) to iusefp.o(.text) for __I$use$fp
    acos_x.o(i.____softfp_acos$lsc) refers (Special) to iusefp.o(.text) for __I$use$fp
    acos_x.o(i.____softfp_acos$lsc) refers to acos_x.o(i.__acos$lsc) for __acos$lsc
    acos_x.o(i.__acos$lsc) refers (Special) to iusefp.o(.text) for __I$use$fp
    acos_x.o(i.__acos$lsc) refers to dunder.o(i.__mathlib_dbl_infnan) for __mathlib_dbl_infnan
    acos_x.o(i.__acos$lsc) refers to errno.o(i.__set_errno) for __set_errno
    acos_x.o(i.__acos$lsc) refers to dmul.o(.text) for __aeabi_dmul
    acos_x.o(i.__acos$lsc) refers to poly.o(i.__kernel_poly) for __kernel_poly
    acos_x.o(i.__acos$lsc) refers to dadd.o(.text) for __aeabi_dadd
    acos_x.o(i.__acos$lsc) refers to ddiv.o(.text) for __aeabi_ddiv
    acos_x.o(i.__acos$lsc) refers to dscalb.o(.text) for __ARM_scalbn
    acos_x.o(i.__acos$lsc) refers to sqrt.o(i.sqrt) for sqrt
    acos_x.o(i.__acos$lsc) refers to acos_x.o(.constdata) for .constdata
    acos_x.o(.constdata) refers (Special) to iusefp.o(.text) for __I$use$fp
    asin.o(i.__softfp_asin) refers (Special) to iusefp.o(.text) for __I$use$fp
    asin.o(i.__softfp_asin) refers to asin.o(i.asin) for asin
    asin.o(i.asin) refers (Special) to iusefp.o(.text) for __I$use$fp
    asin.o(i.asin) refers to dunder.o(i.__mathlib_dbl_infnan) for __mathlib_dbl_infnan
    asin.o(i.asin) refers to dmul.o(.text) for __aeabi_dmul
    asin.o(i.asin) refers to dadd.o(.text) for __aeabi_dadd
    asin.o(i.asin) refers to errno.o(i.__set_errno) for __set_errno
    asin.o(i.asin) refers to dunder.o(i.__mathlib_dbl_invalid) for __mathlib_dbl_invalid
    asin.o(i.asin) refers to fpclassify.o(i.__ARM_fpclassify) for __ARM_fpclassify
    asin.o(i.asin) refers to dunder.o(i.__mathlib_dbl_underflow) for __mathlib_dbl_underflow
    asin.o(i.asin) refers to poly.o(i.__kernel_poly) for __kernel_poly
    asin.o(i.asin) refers to ddiv.o(.text) for __aeabi_ddiv
    asin.o(i.asin) refers to dscalb.o(.text) for __ARM_scalbn
    asin.o(i.asin) refers to sqrt.o(i.sqrt) for sqrt
    asin.o(i.asin) refers to asin.o(.constdata) for .constdata
    asin.o(.constdata) refers (Special) to iusefp.o(.text) for __I$use$fp
    asin_x.o(i.____softfp_asin$lsc) refers (Special) to iusefp.o(.text) for __I$use$fp
    asin_x.o(i.____softfp_asin$lsc) refers to asin_x.o(i.__asin$lsc) for __asin$lsc
    asin_x.o(i.__asin$lsc) refers (Special) to iusefp.o(.text) for __I$use$fp
    asin_x.o(i.__asin$lsc) refers to dunder.o(i.__mathlib_dbl_infnan) for __mathlib_dbl_infnan
    asin_x.o(i.__asin$lsc) refers to dmul.o(.text) for __aeabi_dmul
    asin_x.o(i.__asin$lsc) refers to dadd.o(.text) for __aeabi_dadd
    asin_x.o(i.__asin$lsc) refers to errno.o(i.__set_errno) for __set_errno
    asin_x.o(i.__asin$lsc) refers to poly.o(i.__kernel_poly) for __kernel_poly
    asin_x.o(i.__asin$lsc) refers to ddiv.o(.text) for __aeabi_ddiv
    asin_x.o(i.__asin$lsc) refers to dscalb.o(.text) for __ARM_scalbn
    asin_x.o(i.__asin$lsc) refers to sqrt.o(i.sqrt) for sqrt
    asin_x.o(i.__asin$lsc) refers to asin_x.o(.constdata) for .constdata
    asin_x.o(.constdata) refers (Special) to iusefp.o(.text) for __I$use$fp
    asinf.o(i.__softfp_asinf) refers (Special) to iusefp.o(.text) for __I$use$fp
    asinf.o(i.__softfp_asinf) refers to asinf.o(i.asinf) for asinf
    asinf.o(i.asinf) refers (Special) to iusefp.o(.text) for __I$use$fp
    asinf.o(i.asinf) refers to fadd.o(.text) for __aeabi_frsub
    asinf.o(i.asinf) refers to fscalb.o(.text) for __ARM_scalbnf
    asinf.o(i.asinf) refers to sqrtf.o(i.sqrtf) for sqrtf
    asinf.o(i.asinf) refers to fmul.o(.text) for __aeabi_fmul
    asinf.o(i.asinf) refers to fpclassifyf.o(i.__ARM_fpclassifyf) for __ARM_fpclassifyf
    asinf.o(i.asinf) refers to funder.o(i.__mathlib_flt_underflow) for __mathlib_flt_underflow
    asinf.o(i.asinf) refers to funder.o(i.__mathlib_flt_infnan) for __mathlib_flt_infnan
    asinf.o(i.asinf) refers to errno.o(i.__set_errno) for __set_errno
    asinf.o(i.asinf) refers to funder.o(i.__mathlib_flt_invalid) for __mathlib_flt_invalid
    asinf_x.o(i.____softfp_asinf$lsc) refers (Special) to iusefp.o(.text) for __I$use$fp
    asinf_x.o(i.____softfp_asinf$lsc) refers to asinf_x.o(i.__asinf$lsc) for __asinf$lsc
    asinf_x.o(i.__asinf$lsc) refers (Special) to iusefp.o(.text) for __I$use$fp
    asinf_x.o(i.__asinf$lsc) refers to fadd.o(.text) for __aeabi_frsub
    asinf_x.o(i.__asinf$lsc) refers to fscalb.o(.text) for __ARM_scalbnf
    asinf_x.o(i.__asinf$lsc) refers to sqrtf.o(i.sqrtf) for sqrtf
    asinf_x.o(i.__asinf$lsc) refers to fmul.o(.text) for __aeabi_fmul
    asinf_x.o(i.__asinf$lsc) refers to funder.o(i.__mathlib_flt_infnan) for __mathlib_flt_infnan
    asinf_x.o(i.__asinf$lsc) refers to errno.o(i.__set_errno) for __set_errno
    atan.o(i.__softfp_atan) refers (Special) to iusefp.o(.text) for __I$use$fp
    atan.o(i.__softfp_atan) refers to atan.o(i.atan) for atan
    atan.o(i.atan) refers (Special) to iusefp.o(.text) for __I$use$fp
    atan.o(i.atan) refers to dunder.o(i.__mathlib_dbl_infnan) for __mathlib_dbl_infnan
    atan.o(i.atan) refers to fpclassify.o(i.__ARM_fpclassify) for __ARM_fpclassify
    atan.o(i.atan) refers to dunder.o(i.__mathlib_dbl_underflow) for __mathlib_dbl_underflow
    atan.o(i.atan) refers to dadd.o(.text) for __aeabi_dadd
    atan.o(i.atan) refers to dscalb.o(.text) for __ARM_scalbn
    atan.o(i.atan) refers to ddiv.o(.text) for __aeabi_ddiv
    atan.o(i.atan) refers to dmul.o(.text) for __aeabi_dmul
    atan.o(i.atan) refers to poly.o(i.__kernel_poly) for __kernel_poly
    atan.o(i.atan) refers to atan.o(.constdata) for .constdata
    atan.o(.constdata) refers (Special) to iusefp.o(.text) for __I$use$fp
    atan_x.o(i.____softfp_atan$lsc) refers (Special) to iusefp.o(.text) for __I$use$fp
    atan_x.o(i.____softfp_atan$lsc) refers to atan_x.o(i.__atan$lsc) for __atan$lsc
    atan_x.o(i.__atan$lsc) refers (Special) to iusefp.o(.text) for __I$use$fp
    atan_x.o(i.__atan$lsc) refers to dunder.o(i.__mathlib_dbl_infnan) for __mathlib_dbl_infnan
    atan_x.o(i.__atan$lsc) refers to dadd.o(.text) for __aeabi_dadd
    atan_x.o(i.__atan$lsc) refers to dscalb.o(.text) for __ARM_scalbn
    atan_x.o(i.__atan$lsc) refers to ddiv.o(.text) for __aeabi_ddiv
    atan_x.o(i.__atan$lsc) refers to dmul.o(.text) for __aeabi_dmul
    atan_x.o(i.__atan$lsc) refers to poly.o(i.__kernel_poly) for __kernel_poly
    atan_x.o(i.__atan$lsc) refers to atan_x.o(.constdata) for .constdata
    atan_x.o(.constdata) refers (Special) to iusefp.o(.text) for __I$use$fp
    atan2.o(i.__softfp_atan2) refers (Special) to iusefp.o(.text) for __I$use$fp
    atan2.o(i.__softfp_atan2) refers to atan2.o(i.atan2) for atan2
    atan2.o(i.atan2) refers (Special) to iusefp.o(.text) for __I$use$fp
    atan2.o(i.atan2) refers to dunder.o(i.__mathlib_dbl_infnan2) for __mathlib_dbl_infnan2
    atan2.o(i.atan2) refers to atan.o(i.atan) for atan
    atan2.o(i.atan2) refers to ddiv.o(.text) for __aeabi_ddiv
    atan2.o(i.atan2) refers to dadd.o(.text) for __aeabi_dsub
    atan2.o(i.atan2) refers to cdcmple.o(.text) for __aeabi_cdcmpeq
    atan2.o(i.atan2) refers to errno.o(i.__set_errno) for __set_errno
    atan2.o(i.atan2) refers to qnan.o(.constdata) for __mathlib_zero
    atan2_x.o(i.____softfp_atan2$lsc) refers (Special) to iusefp.o(.text) for __I$use$fp
    atan2_x.o(i.____softfp_atan2$lsc) refers to atan2_x.o(i.__atan2$lsc) for __atan2$lsc
    atan2_x.o(i.__atan2$lsc) refers (Special) to iusefp.o(.text) for __I$use$fp
    atan2_x.o(i.__atan2$lsc) refers to dunder.o(i.__mathlib_dbl_infnan2) for __mathlib_dbl_infnan2
    atan2_x.o(i.__atan2$lsc) refers to atan.o(i.atan) for atan
    atan2_x.o(i.__atan2$lsc) refers to errno.o(i.__set_errno) for __set_errno
    atan2_x.o(i.__atan2$lsc) refers to ddiv.o(.text) for __aeabi_ddiv
    atan2_x.o(i.__atan2$lsc) refers to dadd.o(.text) for __aeabi_dsub
    atan2_x.o(i.__atan2$lsc) refers to cdcmple.o(.text) for __aeabi_cdcmpeq
    atan2_x.o(i.__atan2$lsc) refers to qnan.o(.constdata) for __mathlib_zero
    atan2f.o(i.__softfp_atan2f) refers (Special) to iusefp.o(.text) for __I$use$fp
    atan2f.o(i.__softfp_atan2f) refers to atan2f.o(i.atan2f) for atan2f
    atan2f.o(i.atan2f) refers (Special) to iusefp.o(.text) for __I$use$fp
    atan2f.o(i.atan2f) refers to fdiv.o(.text) for __aeabi_fdiv
    atan2f.o(i.atan2f) refers to fpclassifyf.o(i.__ARM_fpclassifyf) for __ARM_fpclassifyf
    atan2f.o(i.atan2f) refers to funder.o(i.__mathlib_flt_underflow) for __mathlib_flt_underflow
    atan2f.o(i.atan2f) refers to errno.o(i.__set_errno) for __set_errno
    atan2f.o(i.atan2f) refers to fadd.o(.text) for __aeabi_fsub
    atan2f.o(i.atan2f) refers to fmul.o(.text) for __aeabi_fmul
    atan2f.o(i.atan2f) refers to funder.o(i.__mathlib_flt_infnan2) for __mathlib_flt_infnan2
    atan2f_x.o(i.____softfp_atan2f$lsc) refers (Special) to iusefp.o(.text) for __I$use$fp
    atan2f_x.o(i.____softfp_atan2f$lsc) refers to atan2f_x.o(i.__atan2f$lsc) for __atan2f$lsc
    atan2f_x.o(i.__atan2f$lsc) refers (Special) to iusefp.o(.text) for __I$use$fp
    atan2f_x.o(i.__atan2f$lsc) refers to fdiv.o(.text) for __aeabi_fdiv
    atan2f_x.o(i.__atan2f$lsc) refers to fpclassifyf.o(i.__ARM_fpclassifyf) for __ARM_fpclassifyf
    atan2f_x.o(i.__atan2f$lsc) refers to errno.o(i.__set_errno) for __set_errno
    atan2f_x.o(i.__atan2f$lsc) refers to fadd.o(.text) for __aeabi_fsub
    atan2f_x.o(i.__atan2f$lsc) refers to fmul.o(.text) for __aeabi_fmul
    atan2f_x.o(i.__atan2f$lsc) refers to funder.o(i.__mathlib_flt_infnan2) for __mathlib_flt_infnan2
    ceil.o(i.__softfp_ceil) refers (Special) to iusefp.o(.text) for __I$use$fp
    ceil.o(i.__softfp_ceil) refers to ceil.o(i.ceil) for ceil
    ceil.o(i.ceil) refers (Special) to iusefp.o(.text) for __I$use$fp
    ceil.o(i.ceil) refers to dadd.o(.text) for __aeabi_dadd
    ceil.o(i.ceil) refers to cdrcmple.o(.text) for __aeabi_cdrcmple
    cos.o(i.__softfp_cos) refers (Special) to iusefp.o(.text) for __I$use$fp
    cos.o(i.__softfp_cos) refers to cos.o(i.cos) for cos
    cos.o(i.cos) refers (Special) to iusefp.o(.text) for __I$use$fp
    cos.o(i.cos) refers to errno.o(i.__set_errno) for __set_errno
    cos.o(i.cos) refers to dunder.o(i.__mathlib_dbl_invalid) for __mathlib_dbl_invalid
    cos.o(i.cos) refers to dunder.o(i.__mathlib_dbl_infnan) for __mathlib_dbl_infnan
    cos.o(i.cos) refers to rred.o(i.__ieee754_rem_pio2) for __ieee754_rem_pio2
    cos.o(i.cos) refers to sin_i.o(i.__kernel_sin) for __kernel_sin
    cos.o(i.cos) refers to cos_i.o(i.__kernel_cos) for __kernel_cos
    cos_x.o(i.____softfp_cos$lsc) refers (Special) to iusefp.o(.text) for __I$use$fp
    cos_x.o(i.____softfp_cos$lsc) refers to cos_x.o(i.__cos$lsc) for __cos$lsc
    cos_x.o(i.__cos$lsc) refers (Special) to iusefp.o(.text) for __I$use$fp
    cos_x.o(i.__cos$lsc) refers to errno.o(i.__set_errno) for __set_errno
    cos_x.o(i.__cos$lsc) refers to dunder.o(i.__mathlib_dbl_infnan) for __mathlib_dbl_infnan
    cos_x.o(i.__cos$lsc) refers to rred.o(i.__ieee754_rem_pio2) for __ieee754_rem_pio2
    cos_x.o(i.__cos$lsc) refers to sin_i.o(i.__kernel_sin) for __kernel_sin
    cos_x.o(i.__cos$lsc) refers to cos_i.o(i.__kernel_cos) for __kernel_cos
    floor.o(i.__softfp_floor) refers (Special) to iusefp.o(.text) for __I$use$fp
    floor.o(i.__softfp_floor) refers to floor.o(i.floor) for floor
    floor.o(i.floor) refers (Special) to iusefp.o(.text) for __I$use$fp
    floor.o(i.floor) refers to dadd.o(.text) for __aeabi_dadd
    floor.o(i.floor) refers to cdrcmple.o(.text) for __aeabi_cdrcmple
    log.o(i.__softfp_log) refers (Special) to iusefp.o(.text) for __I$use$fp
    log.o(i.__softfp_log) refers to log.o(i.log) for log
    log.o(i.log) refers (Special) to iusefp.o(.text) for __I$use$fp
    log.o(i.log) refers to dunder.o(i.__mathlib_dbl_infnan) for __mathlib_dbl_infnan
    log.o(i.log) refers to errno.o(i.__set_errno) for __set_errno
    log.o(i.log) refers to dunder.o(i.__mathlib_dbl_invalid) for __mathlib_dbl_invalid
    log.o(i.log) refers to dunder.o(i.__mathlib_dbl_divzero) for __mathlib_dbl_divzero
    log.o(i.log) refers to dscalb.o(.text) for __ARM_scalbn
    log.o(i.log) refers to dadd.o(.text) for __aeabi_dsub
    log.o(i.log) refers to cdcmple.o(.text) for __aeabi_cdcmpeq
    log.o(i.log) refers to dflti.o(.text) for __aeabi_i2d
    log.o(i.log) refers to dmul.o(.text) for __aeabi_dmul
    log.o(i.log) refers to ddiv.o(.text) for __aeabi_ddiv
    log.o(i.log) refers to poly.o(i.__kernel_poly) for __kernel_poly
    log.o(i.log) refers to qnan.o(.constdata) for __mathlib_zero
    log.o(i.log) refers to log.o(.constdata) for .constdata
    log.o(.constdata) refers (Special) to iusefp.o(.text) for __I$use$fp
    log_x.o(i.____softfp_log$lsc) refers (Special) to iusefp.o(.text) for __I$use$fp
    log_x.o(i.____softfp_log$lsc) refers to log_x.o(i.__log$lsc) for __log$lsc
    log_x.o(i.__log$lsc) refers (Special) to iusefp.o(.text) for __I$use$fp
    log_x.o(i.__log$lsc) refers to dunder.o(i.__mathlib_dbl_infnan) for __mathlib_dbl_infnan
    log_x.o(i.__log$lsc) refers to errno.o(i.__set_errno) for __set_errno
    log_x.o(i.__log$lsc) refers to dscalb.o(.text) for __ARM_scalbn
    log_x.o(i.__log$lsc) refers to dadd.o(.text) for __aeabi_dsub
    log_x.o(i.__log$lsc) refers to cdcmple.o(.text) for __aeabi_cdcmpeq
    log_x.o(i.__log$lsc) refers to dflti.o(.text) for __aeabi_i2d
    log_x.o(i.__log$lsc) refers to dmul.o(.text) for __aeabi_dmul
    log_x.o(i.__log$lsc) refers to ddiv.o(.text) for __aeabi_ddiv
    log_x.o(i.__log$lsc) refers to poly.o(i.__kernel_poly) for __kernel_poly
    log_x.o(i.__log$lsc) refers to qnan.o(.constdata) for __mathlib_zero
    log_x.o(i.__log$lsc) refers to log_x.o(.constdata) for .constdata
    log_x.o(.constdata) refers (Special) to iusefp.o(.text) for __I$use$fp
    pow.o(i.__softfp_pow) refers (Special) to iusefp.o(.text) for __I$use$fp
    pow.o(i.__softfp_pow) refers to pow.o(i.pow) for pow
    pow.o(i.pow) refers (Special) to iusefp.o(.text) for __I$use$fp
    pow.o(i.pow) refers to dunder.o(i.__mathlib_dbl_infnan2) for __mathlib_dbl_infnan2
    pow.o(i.pow) refers to errno.o(i.__set_errno) for __set_errno
    pow.o(i.pow) refers to dunder.o(i.__mathlib_dbl_divzero) for __mathlib_dbl_divzero
    pow.o(i.pow) refers to ddiv.o(.text) for __aeabi_ddiv
    pow.o(i.pow) refers to sqrt.o(i.sqrt) for sqrt
    pow.o(i.pow) refers to dmul.o(.text) for __aeabi_dmul
    pow.o(i.pow) refers to dflti.o(.text) for __aeabi_i2d
    pow.o(i.pow) refers to dunder.o(i.__mathlib_dbl_invalid) for __mathlib_dbl_invalid
    pow.o(i.pow) refers to dunder.o(i.__mathlib_dbl_overflow) for __mathlib_dbl_overflow
    pow.o(i.pow) refers to dunder.o(i.__mathlib_dbl_underflow) for __mathlib_dbl_underflow
    pow.o(i.pow) refers to dadd.o(.text) for __aeabi_dsub
    pow.o(i.pow) refers to dscalb.o(.text) for __ARM_scalbn
    pow.o(i.pow) refers to qnan.o(.constdata) for __mathlib_zero
    pow.o(i.pow) refers to poly.o(i.__kernel_poly) for __kernel_poly
    pow.o(i.pow) refers to cdrcmple.o(.text) for __aeabi_cdrcmple
    pow.o(i.pow) refers to pow.o(.constdata) for .constdata
    pow.o(i.pow) refers to fpclassify.o(i.__ARM_fpclassify) for __ARM_fpclassify
    pow.o(.constdata) refers (Special) to iusefp.o(.text) for __I$use$fp
    pow_x.o(i.____softfp_pow$lsc) refers (Special) to iusefp.o(.text) for __I$use$fp
    pow_x.o(i.____softfp_pow$lsc) refers to pow_x.o(i.__pow$lsc) for __pow$lsc
    pow_x.o(i.__pow$lsc) refers (Special) to iusefp.o(.text) for __I$use$fp
    pow_x.o(i.__pow$lsc) refers to dunder.o(i.__mathlib_dbl_infnan2) for __mathlib_dbl_infnan2
    pow_x.o(i.__pow$lsc) refers to errno.o(i.__set_errno) for __set_errno
    pow_x.o(i.__pow$lsc) refers to ddiv.o(.text) for __aeabi_ddiv
    pow_x.o(i.__pow$lsc) refers to sqrt.o(i.sqrt) for sqrt
    pow_x.o(i.__pow$lsc) refers to dmul.o(.text) for __aeabi_dmul
    pow_x.o(i.__pow$lsc) refers to dflti.o(.text) for __aeabi_i2d
    pow_x.o(i.__pow$lsc) refers to dadd.o(.text) for __aeabi_dsub
    pow_x.o(i.__pow$lsc) refers to dscalb.o(.text) for __ARM_scalbn
    pow_x.o(i.__pow$lsc) refers to qnan.o(.constdata) for __mathlib_zero
    pow_x.o(i.__pow$lsc) refers to poly.o(i.__kernel_poly) for __kernel_poly
    pow_x.o(i.__pow$lsc) refers to cdrcmple.o(.text) for __aeabi_cdrcmple
    pow_x.o(i.__pow$lsc) refers to pow_x.o(.constdata) for .constdata
    pow_x.o(.constdata) refers (Special) to iusefp.o(.text) for __I$use$fp
    sin.o(i.__softfp_sin) refers (Special) to iusefp.o(.text) for __I$use$fp
    sin.o(i.__softfp_sin) refers to sin.o(i.sin) for sin
    sin.o(i.sin) refers (Special) to iusefp.o(.text) for __I$use$fp
    sin.o(i.sin) refers to errno.o(i.__set_errno) for __set_errno
    sin.o(i.sin) refers to dunder.o(i.__mathlib_dbl_invalid) for __mathlib_dbl_invalid
    sin.o(i.sin) refers to dunder.o(i.__mathlib_dbl_infnan) for __mathlib_dbl_infnan
    sin.o(i.sin) refers to rred.o(i.__ieee754_rem_pio2) for __ieee754_rem_pio2
    sin.o(i.sin) refers to cos_i.o(i.__kernel_cos) for __kernel_cos
    sin.o(i.sin) refers to sin_i.o(i.__kernel_sin) for __kernel_sin
    sin_x.o(i.____softfp_sin$lsc) refers (Special) to iusefp.o(.text) for __I$use$fp
    sin_x.o(i.____softfp_sin$lsc) refers to sin_x.o(i.__sin$lsc) for __sin$lsc
    sin_x.o(i.__sin$lsc) refers (Special) to iusefp.o(.text) for __I$use$fp
    sin_x.o(i.__sin$lsc) refers to errno.o(i.__set_errno) for __set_errno
    sin_x.o(i.__sin$lsc) refers to dunder.o(i.__mathlib_dbl_infnan) for __mathlib_dbl_infnan
    sin_x.o(i.__sin$lsc) refers to rred.o(i.__ieee754_rem_pio2) for __ieee754_rem_pio2
    sin_x.o(i.__sin$lsc) refers to cos_i.o(i.__kernel_cos) for __kernel_cos
    sin_x.o(i.__sin$lsc) refers to sin_i.o(i.__kernel_sin) for __kernel_sin
    sqrt.o(i.__softfp_sqrt) refers (Special) to iusefp.o(.text) for __I$use$fp
    sqrt.o(i.__softfp_sqrt) refers to dsqrt.o(.text) for _dsqrt
    sqrt.o(i.__softfp_sqrt) refers to errno.o(i.__set_errno) for __set_errno
    sqrt.o(i.sqrt) refers (Special) to iusefp.o(.text) for __I$use$fp
    sqrt.o(i.sqrt) refers to dsqrt.o(.text) for _dsqrt
    sqrt.o(i.sqrt) refers to errno.o(i.__set_errno) for __set_errno
    sqrt_x.o(i.____softfp_sqrt$lsc) refers (Special) to iusefp.o(.text) for __I$use$fp
    sqrt_x.o(i.____softfp_sqrt$lsc) refers to cdcmple.o(.text) for __aeabi_cdcmple
    sqrt_x.o(i.____softfp_sqrt$lsc) refers to errno.o(i.__set_errno) for __set_errno
    sqrt_x.o(i.____softfp_sqrt$lsc) refers to dsqrt.o(.text) for _dsqrt
    sqrt_x.o(i.__sqrt$lsc) refers (Special) to iusefp.o(.text) for __I$use$fp
    sqrt_x.o(i.__sqrt$lsc) refers to cdcmple.o(.text) for __aeabi_cdcmple
    sqrt_x.o(i.__sqrt$lsc) refers to errno.o(i.__set_errno) for __set_errno
    sqrt_x.o(i.__sqrt$lsc) refers to dsqrt.o(.text) for _dsqrt
    sqrtf.o(i.__softfp_sqrtf) refers (Special) to iusefp.o(.text) for __I$use$fp
    sqrtf.o(i.__softfp_sqrtf) refers to fsqrt.o(.text) for _fsqrt
    sqrtf.o(i.__softfp_sqrtf) refers to errno.o(i.__set_errno) for __set_errno
    sqrtf.o(i.sqrtf) refers (Special) to iusefp.o(.text) for __I$use$fp
    sqrtf.o(i.sqrtf) refers to fsqrt.o(.text) for _fsqrt
    sqrtf.o(i.sqrtf) refers to errno.o(i.__set_errno) for __set_errno
    sqrtf_x.o(i.____softfp_sqrtf$lsc) refers (Special) to iusefp.o(.text) for __I$use$fp
    sqrtf_x.o(i.____softfp_sqrtf$lsc) refers to errno.o(i.__set_errno) for __set_errno
    sqrtf_x.o(i.____softfp_sqrtf$lsc) refers to fsqrt.o(.text) for _fsqrt
    sqrtf_x.o(i.__sqrtf$lsc) refers (Special) to iusefp.o(.text) for __I$use$fp
    sqrtf_x.o(i.__sqrtf$lsc) refers to errno.o(i.__set_errno) for __set_errno
    sqrtf_x.o(i.__sqrtf$lsc) refers to fsqrt.o(.text) for _fsqrt
    entry.o(.ARM.Collect$$$$00000000) refers (Special) to entry10a.o(.ARM.Collect$$$$0000000F) for __rt_final_cpp
    entry.o(.ARM.Collect$$$$00000000) refers (Special) to entry11a.o(.ARM.Collect$$$$00000011) for __rt_final_exit
    entry.o(.ARM.Collect$$$$00000000) refers (Special) to entry12b.o(.ARM.Collect$$$$0000000E) for __rt_lib_shutdown_fini
    entry.o(.ARM.Collect$$$$00000000) refers (Special) to entry7b.o(.ARM.Collect$$$$00000008) for _main_clock
    entry.o(.ARM.Collect$$$$00000000) refers (Special) to entry8b.o(.ARM.Collect$$$$0000000A) for _main_cpp_init
    entry.o(.ARM.Collect$$$$00000000) refers (Special) to entry9a.o(.ARM.Collect$$$$0000000B) for _main_init
    entry.o(.ARM.Collect$$$$00000000) refers (Special) to entry5.o(.ARM.Collect$$$$00000004) for _main_scatterload
    entry.o(.ARM.Collect$$$$00000000) refers (Special) to entry2.o(.ARM.Collect$$$$00000001) for _main_stk
    fputc.o(i.fputc) refers (Special) to iusesemip.o(.text) for __I$use$semihosting$fputc
    fputc.o(i.fputc) refers (Special) to semi.o(.text) for __semihosting_library_function
    ldiv.o(.text) refers to uldiv.o(.text) for __aeabi_uldivmod
    printfb.o(i.__0fprintf$bare) refers to printfb.o(i._printf_core) for _printf_core
    printfb.o(i.__0fprintf$bare) refers to fputc.o(i.fputc) for fputc
    printfb.o(i.__0printf$bare) refers to printfb.o(i._printf_core) for _printf_core
    printfb.o(i.__0printf$bare) refers to fputc.o(i.fputc) for fputc
    printfb.o(i.__0printf$bare) refers to stdout.o(.data) for __stdout
    printfb.o(i.__0snprintf$bare) refers to printfb.o(i._printf_core) for _printf_core
    printfb.o(i.__0snprintf$bare) refers to printfb.o(i._snputc) for _snputc
    printfb.o(i.__0sprintf$bare) refers to printfb.o(i._printf_core) for _printf_core
    printfb.o(i.__0sprintf$bare) refers to printfb.o(i._sputc) for _sputc
    printfb.o(i.__0vfprintf$bare) refers to printfb.o(i._printf_core) for _printf_core
    printfb.o(i.__0vfprintf$bare) refers to fputc.o(i.fputc) for fputc
    printfb.o(i.__0vprintf$bare) refers to printfb.o(i._printf_core) for _printf_core
    printfb.o(i.__0vprintf$bare) refers to fputc.o(i.fputc) for fputc
    printfb.o(i.__0vprintf$bare) refers to stdout.o(.data) for __stdout
    printfb.o(i.__0vsnprintf$bare) refers to printfb.o(i._printf_core) for _printf_core
    printfb.o(i.__0vsnprintf$bare) refers to printfb.o(i._snputc) for _snputc
    printfb.o(i.__0vsprintf$bare) refers to printfb.o(i._printf_core) for _printf_core
    printfb.o(i.__0vsprintf$bare) refers to printfb.o(i._sputc) for _sputc
    printf0.o(i.__0fprintf$0) refers to printf0.o(i._printf_core) for _printf_core
    printf0.o(i.__0fprintf$0) refers to fputc.o(i.fputc) for fputc
    printf0.o(i.__0printf$0) refers to printf0.o(i._printf_core) for _printf_core
    printf0.o(i.__0printf$0) refers to fputc.o(i.fputc) for fputc
    printf0.o(i.__0printf$0) refers to stdout.o(.data) for __stdout
    printf0.o(i.__0snprintf$0) refers to printf0.o(i._printf_core) for _printf_core
    printf0.o(i.__0snprintf$0) refers to printf0.o(i._snputc) for _snputc
    printf0.o(i.__0sprintf$0) refers to printf0.o(i._printf_core) for _printf_core
    printf0.o(i.__0sprintf$0) refers to printf0.o(i._sputc) for _sputc
    printf0.o(i.__0vfprintf$0) refers to printf0.o(i._printf_core) for _printf_core
    printf0.o(i.__0vfprintf$0) refers to fputc.o(i.fputc) for fputc
    printf0.o(i.__0vprintf$0) refers to printf0.o(i._printf_core) for _printf_core
    printf0.o(i.__0vprintf$0) refers to fputc.o(i.fputc) for fputc
    printf0.o(i.__0vprintf$0) refers to stdout.o(.data) for __stdout
    printf0.o(i.__0vsnprintf$0) refers to printf0.o(i._printf_core) for _printf_core
    printf0.o(i.__0vsnprintf$0) refers to printf0.o(i._snputc) for _snputc
    printf0.o(i.__0vsprintf$0) refers to printf0.o(i._printf_core) for _printf_core
    printf0.o(i.__0vsprintf$0) refers to printf0.o(i._sputc) for _sputc
    printf1.o(i.__0fprintf$1) refers to printf1.o(i._printf_core) for _printf_core
    printf1.o(i.__0fprintf$1) refers to fputc.o(i.fputc) for fputc
    printf1.o(i.__0printf$1) refers to printf1.o(i._printf_core) for _printf_core
    printf1.o(i.__0printf$1) refers to fputc.o(i.fputc) for fputc
    printf1.o(i.__0printf$1) refers to stdout.o(.data) for __stdout
    printf1.o(i.__0snprintf$1) refers to printf1.o(i._printf_core) for _printf_core
    printf1.o(i.__0snprintf$1) refers to printf1.o(i._snputc) for _snputc
    printf1.o(i.__0sprintf$1) refers to printf1.o(i._printf_core) for _printf_core
    printf1.o(i.__0sprintf$1) refers to printf1.o(i._sputc) for _sputc
    printf1.o(i.__0vfprintf$1) refers to printf1.o(i._printf_core) for _printf_core
    printf1.o(i.__0vfprintf$1) refers to fputc.o(i.fputc) for fputc
    printf1.o(i.__0vprintf$1) refers to printf1.o(i._printf_core) for _printf_core
    printf1.o(i.__0vprintf$1) refers to fputc.o(i.fputc) for fputc
    printf1.o(i.__0vprintf$1) refers to stdout.o(.data) for __stdout
    printf1.o(i.__0vsnprintf$1) refers to printf1.o(i._printf_core) for _printf_core
    printf1.o(i.__0vsnprintf$1) refers to printf1.o(i._snputc) for _snputc
    printf1.o(i.__0vsprintf$1) refers to printf1.o(i._printf_core) for _printf_core
    printf1.o(i.__0vsprintf$1) refers to printf1.o(i._sputc) for _sputc
    printf1.o(i._printf_core) refers to uidiv.o(.text) for __aeabi_uidivmod
    printf2.o(i.__0fprintf$2) refers to printf2.o(i._printf_core) for _printf_core
    printf2.o(i.__0fprintf$2) refers to fputc.o(i.fputc) for fputc
    printf2.o(i.__0printf$2) refers to printf2.o(i._printf_core) for _printf_core
    printf2.o(i.__0printf$2) refers to fputc.o(i.fputc) for fputc
    printf2.o(i.__0printf$2) refers to stdout.o(.data) for __stdout
    printf2.o(i.__0snprintf$2) refers to printf2.o(i._printf_core) for _printf_core
    printf2.o(i.__0snprintf$2) refers to printf2.o(i._snputc) for _snputc
    printf2.o(i.__0sprintf$2) refers to printf2.o(i._printf_core) for _printf_core
    printf2.o(i.__0sprintf$2) refers to printf2.o(i._sputc) for _sputc
    printf2.o(i.__0vfprintf$2) refers to printf2.o(i._printf_core) for _printf_core
    printf2.o(i.__0vfprintf$2) refers to fputc.o(i.fputc) for fputc
    printf2.o(i.__0vprintf$2) refers to printf2.o(i._printf_core) for _printf_core
    printf2.o(i.__0vprintf$2) refers to fputc.o(i.fputc) for fputc
    printf2.o(i.__0vprintf$2) refers to stdout.o(.data) for __stdout
    printf2.o(i.__0vsnprintf$2) refers to printf2.o(i._printf_core) for _printf_core
    printf2.o(i.__0vsnprintf$2) refers to printf2.o(i._snputc) for _snputc
    printf2.o(i.__0vsprintf$2) refers to printf2.o(i._printf_core) for _printf_core
    printf2.o(i.__0vsprintf$2) refers to printf2.o(i._sputc) for _sputc
    printf3.o(i.__0fprintf$3) refers to printf3.o(i._printf_core) for _printf_core
    printf3.o(i.__0fprintf$3) refers to fputc.o(i.fputc) for fputc
    printf3.o(i.__0printf$3) refers to printf3.o(i._printf_core) for _printf_core
    printf3.o(i.__0printf$3) refers to fputc.o(i.fputc) for fputc
    printf3.o(i.__0printf$3) refers to stdout.o(.data) for __stdout
    printf3.o(i.__0snprintf$3) refers to printf3.o(i._printf_core) for _printf_core
    printf3.o(i.__0snprintf$3) refers to printf3.o(i._snputc) for _snputc
    printf3.o(i.__0sprintf$3) refers to printf3.o(i._printf_core) for _printf_core
    printf3.o(i.__0sprintf$3) refers to printf3.o(i._sputc) for _sputc
    printf3.o(i.__0vfprintf$3) refers to printf3.o(i._printf_core) for _printf_core
    printf3.o(i.__0vfprintf$3) refers to fputc.o(i.fputc) for fputc
    printf3.o(i.__0vprintf$3) refers to printf3.o(i._printf_core) for _printf_core
    printf3.o(i.__0vprintf$3) refers to fputc.o(i.fputc) for fputc
    printf3.o(i.__0vprintf$3) refers to stdout.o(.data) for __stdout
    printf3.o(i.__0vsnprintf$3) refers to printf3.o(i._printf_core) for _printf_core
    printf3.o(i.__0vsnprintf$3) refers to printf3.o(i._snputc) for _snputc
    printf3.o(i.__0vsprintf$3) refers to printf3.o(i._printf_core) for _printf_core
    printf3.o(i.__0vsprintf$3) refers to printf3.o(i._sputc) for _sputc
    printf3.o(i._printf_core) refers to uidiv.o(.text) for __aeabi_uidivmod
    printf4.o(i.__0fprintf$4) refers to printf4.o(i._printf_core) for _printf_core
    printf4.o(i.__0fprintf$4) refers to fputc.o(i.fputc) for fputc
    printf4.o(i.__0printf$4) refers to printf4.o(i._printf_core) for _printf_core
    printf4.o(i.__0printf$4) refers to fputc.o(i.fputc) for fputc
    printf4.o(i.__0printf$4) refers to stdout.o(.data) for __stdout
    printf4.o(i.__0snprintf$4) refers to printf4.o(i._printf_core) for _printf_core
    printf4.o(i.__0snprintf$4) refers to printf4.o(i._snputc) for _snputc
    printf4.o(i.__0sprintf$4) refers to printf4.o(i._printf_core) for _printf_core
    printf4.o(i.__0sprintf$4) refers to printf4.o(i._sputc) for _sputc
    printf4.o(i.__0vfprintf$4) refers to printf4.o(i._printf_core) for _printf_core
    printf4.o(i.__0vfprintf$4) refers to fputc.o(i.fputc) for fputc
    printf4.o(i.__0vprintf$4) refers to printf4.o(i._printf_core) for _printf_core
    printf4.o(i.__0vprintf$4) refers to fputc.o(i.fputc) for fputc
    printf4.o(i.__0vprintf$4) refers to stdout.o(.data) for __stdout
    printf4.o(i.__0vsnprintf$4) refers to printf4.o(i._printf_core) for _printf_core
    printf4.o(i.__0vsnprintf$4) refers to printf4.o(i._snputc) for _snputc
    printf4.o(i.__0vsprintf$4) refers to printf4.o(i._printf_core) for _printf_core
    printf4.o(i.__0vsprintf$4) refers to printf4.o(i._sputc) for _sputc
    printf4.o(i._printf_core) refers to uldiv.o(.text) for __aeabi_uldivmod
    printf5.o(i.__0fprintf$5) refers to printf5.o(i._printf_core) for _printf_core
    printf5.o(i.__0fprintf$5) refers to fputc.o(i.fputc) for fputc
    printf5.o(i.__0printf$5) refers to printf5.o(i._printf_core) for _printf_core
    printf5.o(i.__0printf$5) refers to fputc.o(i.fputc) for fputc
    printf5.o(i.__0printf$5) refers to stdout.o(.data) for __stdout
    printf5.o(i.__0snprintf$5) refers to printf5.o(i._printf_core) for _printf_core
    printf5.o(i.__0snprintf$5) refers to printf5.o(i._snputc) for _snputc
    printf5.o(i.__0sprintf$5) refers to printf5.o(i._printf_core) for _printf_core
    printf5.o(i.__0sprintf$5) refers to printf5.o(i._sputc) for _sputc
    printf5.o(i.__0vfprintf$5) refers to printf5.o(i._printf_core) for _printf_core
    printf5.o(i.__0vfprintf$5) refers to fputc.o(i.fputc) for fputc
    printf5.o(i.__0vprintf$5) refers to printf5.o(i._printf_core) for _printf_core
    printf5.o(i.__0vprintf$5) refers to fputc.o(i.fputc) for fputc
    printf5.o(i.__0vprintf$5) refers to stdout.o(.data) for __stdout
    printf5.o(i.__0vsnprintf$5) refers to printf5.o(i._printf_core) for _printf_core
    printf5.o(i.__0vsnprintf$5) refers to printf5.o(i._snputc) for _snputc
    printf5.o(i.__0vsprintf$5) refers to printf5.o(i._printf_core) for _printf_core
    printf5.o(i.__0vsprintf$5) refers to printf5.o(i._sputc) for _sputc
    printf5.o(i._printf_core) refers to uldiv.o(.text) for __aeabi_uldivmod
    printf6.o(i.__0fprintf$6) refers to printf6.o(i._printf_core) for _printf_core
    printf6.o(i.__0fprintf$6) refers to fputc.o(i.fputc) for fputc
    printf6.o(i.__0printf$6) refers to printf6.o(i._printf_core) for _printf_core
    printf6.o(i.__0printf$6) refers to fputc.o(i.fputc) for fputc
    printf6.o(i.__0printf$6) refers to stdout.o(.data) for __stdout
    printf6.o(i.__0snprintf$6) refers to printf6.o(i._printf_core) for _printf_core
    printf6.o(i.__0snprintf$6) refers to printf6.o(i._snputc) for _snputc
    printf6.o(i.__0sprintf$6) refers to printf6.o(i._printf_core) for _printf_core
    printf6.o(i.__0sprintf$6) refers to printf6.o(i._sputc) for _sputc
    printf6.o(i.__0vfprintf$6) refers to printf6.o(i._printf_core) for _printf_core
    printf6.o(i.__0vfprintf$6) refers to fputc.o(i.fputc) for fputc
    printf6.o(i.__0vprintf$6) refers to printf6.o(i._printf_core) for _printf_core
    printf6.o(i.__0vprintf$6) refers to fputc.o(i.fputc) for fputc
    printf6.o(i.__0vprintf$6) refers to stdout.o(.data) for __stdout
    printf6.o(i.__0vsnprintf$6) refers to printf6.o(i._printf_core) for _printf_core
    printf6.o(i.__0vsnprintf$6) refers to printf6.o(i._snputc) for _snputc
    printf6.o(i.__0vsprintf$6) refers to printf6.o(i._printf_core) for _printf_core
    printf6.o(i.__0vsprintf$6) refers to printf6.o(i._sputc) for _sputc
    printf6.o(i._printf_core) refers to printf6.o(i._printf_pre_padding) for _printf_pre_padding
    printf6.o(i._printf_core) refers to uidiv.o(.text) for __aeabi_uidivmod
    printf6.o(i._printf_core) refers to printf6.o(i._printf_post_padding) for _printf_post_padding
    printf7.o(i.__0fprintf$7) refers to printf7.o(i._printf_core) for _printf_core
    printf7.o(i.__0fprintf$7) refers to fputc.o(i.fputc) for fputc
    printf7.o(i.__0printf$7) refers to printf7.o(i._printf_core) for _printf_core
    printf7.o(i.__0printf$7) refers to fputc.o(i.fputc) for fputc
    printf7.o(i.__0printf$7) refers to stdout.o(.data) for __stdout
    printf7.o(i.__0snprintf$7) refers to printf7.o(i._printf_core) for _printf_core
    printf7.o(i.__0snprintf$7) refers to printf7.o(i._snputc) for _snputc
    printf7.o(i.__0sprintf$7) refers to printf7.o(i._printf_core) for _printf_core
    printf7.o(i.__0sprintf$7) refers to printf7.o(i._sputc) for _sputc
    printf7.o(i.__0vfprintf$7) refers to printf7.o(i._printf_core) for _printf_core
    printf7.o(i.__0vfprintf$7) refers to fputc.o(i.fputc) for fputc
    printf7.o(i.__0vprintf$7) refers to printf7.o(i._printf_core) for _printf_core
    printf7.o(i.__0vprintf$7) refers to fputc.o(i.fputc) for fputc
    printf7.o(i.__0vprintf$7) refers to stdout.o(.data) for __stdout
    printf7.o(i.__0vsnprintf$7) refers to printf7.o(i._printf_core) for _printf_core
    printf7.o(i.__0vsnprintf$7) refers to printf7.o(i._snputc) for _snputc
    printf7.o(i.__0vsprintf$7) refers to printf7.o(i._printf_core) for _printf_core
    printf7.o(i.__0vsprintf$7) refers to printf7.o(i._sputc) for _sputc
    printf7.o(i._printf_core) refers to printf7.o(i._printf_pre_padding) for _printf_pre_padding
    printf7.o(i._printf_core) refers to uldiv.o(.text) for __aeabi_uldivmod
    printf7.o(i._printf_core) refers to printf7.o(i._printf_post_padding) for _printf_post_padding
    printf8.o(i.__0fprintf$8) refers to printf8.o(i._printf_core) for _printf_core
    printf8.o(i.__0fprintf$8) refers to fputc.o(i.fputc) for fputc
    printf8.o(i.__0printf$8) refers to printf8.o(i._printf_core) for _printf_core
    printf8.o(i.__0printf$8) refers to fputc.o(i.fputc) for fputc
    printf8.o(i.__0printf$8) refers to stdout.o(.data) for __stdout
    printf8.o(i.__0snprintf$8) refers to printf8.o(i._printf_core) for _printf_core
    printf8.o(i.__0snprintf$8) refers to printf8.o(i._snputc) for _snputc
    printf8.o(i.__0sprintf$8) refers to printf8.o(i._printf_core) for _printf_core
    printf8.o(i.__0sprintf$8) refers to printf8.o(i._sputc) for _sputc
    printf8.o(i.__0vfprintf$8) refers to printf8.o(i._printf_core) for _printf_core
    printf8.o(i.__0vfprintf$8) refers to fputc.o(i.fputc) for fputc
    printf8.o(i.__0vprintf$8) refers to printf8.o(i._printf_core) for _printf_core
    printf8.o(i.__0vprintf$8) refers to fputc.o(i.fputc) for fputc
    printf8.o(i.__0vprintf$8) refers to stdout.o(.data) for __stdout
    printf8.o(i.__0vsnprintf$8) refers to printf8.o(i._printf_core) for _printf_core
    printf8.o(i.__0vsnprintf$8) refers to printf8.o(i._snputc) for _snputc
    printf8.o(i.__0vsprintf$8) refers to printf8.o(i._printf_core) for _printf_core
    printf8.o(i.__0vsprintf$8) refers to printf8.o(i._sputc) for _sputc
    printf8.o(i._printf_core) refers to printf8.o(i._printf_pre_padding) for _printf_pre_padding
    printf8.o(i._printf_core) refers to uldiv.o(.text) for __aeabi_uldivmod
    printf8.o(i._printf_core) refers to printf8.o(i._printf_post_padding) for _printf_post_padding
    printfa.o(i.__0fprintf) refers (Special) to iusefp.o(.text) for __I$use$fp
    printfa.o(i.__0fprintf) refers to printfa.o(i._printf_core) for _printf_core
    printfa.o(i.__0fprintf) refers to fputc.o(i.fputc) for fputc
    printfa.o(i.__0printf) refers (Special) to iusefp.o(.text) for __I$use$fp
    printfa.o(i.__0printf) refers to printfa.o(i._printf_core) for _printf_core
    printfa.o(i.__0printf) refers to fputc.o(i.fputc) for fputc
    printfa.o(i.__0printf) refers to stdout.o(.data) for __stdout
    printfa.o(i.__0snprintf) refers (Special) to iusefp.o(.text) for __I$use$fp
    printfa.o(i.__0snprintf) refers to printfa.o(i._printf_core) for _printf_core
    printfa.o(i.__0snprintf) refers to printfa.o(i._snputc) for _snputc
    printfa.o(i.__0sprintf) refers (Special) to iusefp.o(.text) for __I$use$fp
    printfa.o(i.__0sprintf) refers to printfa.o(i._printf_core) for _printf_core
    printfa.o(i.__0sprintf) refers to printfa.o(i._sputc) for _sputc
    printfa.o(i.__0vfprintf) refers (Special) to iusefp.o(.text) for __I$use$fp
    printfa.o(i.__0vfprintf) refers to printfa.o(i._printf_core) for _printf_core
    printfa.o(i.__0vfprintf) refers to fputc.o(i.fputc) for fputc
    printfa.o(i.__0vprintf) refers (Special) to iusefp.o(.text) for __I$use$fp
    printfa.o(i.__0vprintf) refers to printfa.o(i._printf_core) for _printf_core
    printfa.o(i.__0vprintf) refers to fputc.o(i.fputc) for fputc
    printfa.o(i.__0vprintf) refers to stdout.o(.data) for __stdout
    printfa.o(i.__0vsnprintf) refers (Special) to iusefp.o(.text) for __I$use$fp
    printfa.o(i.__0vsnprintf) refers to printfa.o(i._printf_core) for _printf_core
    printfa.o(i.__0vsnprintf) refers to printfa.o(i._snputc) for _snputc
    printfa.o(i.__0vsprintf) refers (Special) to iusefp.o(.text) for __I$use$fp
    printfa.o(i.__0vsprintf) refers to printfa.o(i._printf_core) for _printf_core
    printfa.o(i.__0vsprintf) refers to printfa.o(i._sputc) for _sputc
    printfa.o(i._fp_digits) refers (Special) to iusefp.o(.text) for __I$use$fp
    printfa.o(i._fp_digits) refers to dmul.o(.text) for __aeabi_dmul
    printfa.o(i._fp_digits) refers to ddiv.o(.text) for __aeabi_ddiv
    printfa.o(i._fp_digits) refers to cdrcmple.o(.text) for __aeabi_cdrcmple
    printfa.o(i._fp_digits) refers to dadd.o(.text) for __aeabi_dadd
    printfa.o(i._fp_digits) refers to dfixul.o(.text) for __aeabi_d2ulz
    printfa.o(i._fp_digits) refers to uldiv.o(.text) for __aeabi_uldivmod
    printfa.o(i._printf_core) refers (Special) to iusefp.o(.text) for __I$use$fp
    printfa.o(i._printf_core) refers to printfa.o(i._printf_pre_padding) for _printf_pre_padding
    printfa.o(i._printf_core) refers to uldiv.o(.text) for __aeabi_uldivmod
    printfa.o(i._printf_core) refers to printfa.o(i._printf_post_padding) for _printf_post_padding
    printfa.o(i._printf_core) refers to printfa.o(i._fp_digits) for _fp_digits
    printfa.o(i._printf_core) refers to uidiv.o(.text) for __aeabi_uidivmod
    printfa.o(i._printf_post_padding) refers (Special) to iusefp.o(.text) for __I$use$fp
    printfa.o(i._printf_pre_padding) refers (Special) to iusefp.o(.text) for __I$use$fp
    printfa.o(i._snputc) refers (Special) to iusefp.o(.text) for __I$use$fp
    printfa.o(i._sputc) refers (Special) to iusefp.o(.text) for __I$use$fp
    fadd.o(.text) refers (Special) to iusefp.o(.text) for __I$use$fp
    fadd.o(.text) refers to fepilogue.o(.text) for _float_epilogue
    fmul.o(.text) refers (Special) to iusefp.o(.text) for __I$use$fp
    fdiv.o(.text) refers (Special) to iusefp.o(.text) for __I$use$fp
    fdiv.o(.text) refers to fepilogue.o(.text) for _float_round
    dadd.o(.text) refers (Special) to iusefp.o(.text) for __I$use$fp
    dadd.o(.text) refers to llshl.o(.text) for __aeabi_llsl
    dadd.o(.text) refers to llsshr.o(.text) for __aeabi_lasr
    dadd.o(.text) refers to depilogue.o(.text) for _double_epilogue
    dmul.o(.text) refers (Special) to iusefp.o(.text) for __I$use$fp
    dmul.o(.text) refers to depilogue.o(.text) for _double_epilogue
    ddiv.o(.text) refers (Special) to iusefp.o(.text) for __I$use$fp
    ddiv.o(.text) refers to depilogue.o(.text) for _double_round
    fflti.o(.text) refers (Special) to iusefp.o(.text) for __I$use$fp
    fflti.o(.text) refers to fepilogue.o(.text) for _float_epilogue
    ffltui.o(.text) refers (Special) to iusefp.o(.text) for __I$use$fp
    ffltui.o(.text) refers to fepilogue.o(.text) for _float_epilogue
    dflti.o(.text) refers (Special) to iusefp.o(.text) for __I$use$fp
    dflti.o(.text) refers to depilogue.o(.text) for _double_epilogue
    dfltui.o(.text) refers (Special) to iusefp.o(.text) for __I$use$fp
    dfltui.o(.text) refers to depilogue.o(.text) for _double_epilogue
    ffixi.o(.text) refers (Special) to iusefp.o(.text) for __I$use$fp
    ffixui.o(.text) refers (Special) to iusefp.o(.text) for __I$use$fp
    dfixi.o(.text) refers (Special) to iusefp.o(.text) for __I$use$fp
    dfixi.o(.text) refers to llushr.o(.text) for __aeabi_llsr
    dfixui.o(.text) refers (Special) to iusefp.o(.text) for __I$use$fp
    dfixui.o(.text) refers to llushr.o(.text) for __aeabi_llsr
    f2d.o(.text) refers (Special) to iusefp.o(.text) for __I$use$fp
    cdcmple.o(.text) refers (Special) to iusefp.o(.text) for __I$use$fp
    cdrcmple.o(.text) refers (Special) to iusefp.o(.text) for __I$use$fp
    d2f.o(.text) refers (Special) to iusefp.o(.text) for __I$use$fp
    d2f.o(.text) refers to fepilogue.o(.text) for _float_round
    cfcmple.o(.text) refers (Special) to iusefp.o(.text) for __I$use$fp
    cfrcmple.o(.text) refers (Special) to iusefp.o(.text) for __I$use$fp
    cos_i.o(i.__kernel_cos) refers (Special) to iusefp.o(.text) for __I$use$fp
    cos_i.o(i.__kernel_cos) refers to dfixi.o(.text) for __aeabi_d2iz
    cos_i.o(i.__kernel_cos) refers to dmul.o(.text) for __aeabi_dmul
    cos_i.o(i.__kernel_cos) refers to poly.o(i.__kernel_poly) for __kernel_poly
    cos_i.o(i.__kernel_cos) refers to dadd.o(.text) for __aeabi_dsub
    cos_i.o(i.__kernel_cos) refers to dscalb.o(.text) for __ARM_scalbn
    cos_i.o(i.__kernel_cos) refers to cos_i.o(.constdata) for .constdata
    cos_i.o(.constdata) refers (Special) to iusefp.o(.text) for __I$use$fp
    dunder.o(i.__mathlib_dbl_divzero) refers to ddiv.o(.text) for __aeabi_ddiv
    dunder.o(i.__mathlib_dbl_infnan) refers to dscalb.o(.text) for __ARM_scalbn
    dunder.o(i.__mathlib_dbl_infnan2) refers to dadd.o(.text) for __aeabi_dadd
    dunder.o(i.__mathlib_dbl_invalid) refers to ddiv.o(.text) for __aeabi_ddiv
    dunder.o(i.__mathlib_dbl_overflow) refers to dscalb.o(.text) for __ARM_scalbn
    dunder.o(i.__mathlib_dbl_posinfnan) refers to dmul.o(.text) for __aeabi_dmul
    dunder.o(i.__mathlib_dbl_underflow) refers to dscalb.o(.text) for __ARM_scalbn
    fpclassify.o(i.__ARM_fpclassify) refers (Special) to iusefp.o(.text) for __I$use$fp
    fpclassifyf.o(i.__ARM_fpclassifyf) refers (Special) to iusefp.o(.text) for __I$use$fp
    funder.o(i.__mathlib_flt_divzero) refers to fdiv.o(.text) for __aeabi_fdiv
    funder.o(i.__mathlib_flt_infnan) refers to fscalb.o(.text) for __ARM_scalbnf
    funder.o(i.__mathlib_flt_infnan2) refers to fadd.o(.text) for __aeabi_fadd
    funder.o(i.__mathlib_flt_invalid) refers to fdiv.o(.text) for __aeabi_fdiv
    funder.o(i.__mathlib_flt_overflow) refers to fscalb.o(.text) for __ARM_scalbnf
    funder.o(i.__mathlib_flt_posinfnan) refers to fmul.o(.text) for __aeabi_fmul
    funder.o(i.__mathlib_flt_underflow) refers to fscalb.o(.text) for __ARM_scalbnf
    poly.o(i.__kernel_poly) refers (Special) to iusefp.o(.text) for __I$use$fp
    poly.o(i.__kernel_poly) refers to dmul.o(.text) for __aeabi_dmul
    poly.o(i.__kernel_poly) refers to dadd.o(.text) for __aeabi_dadd
    qnan.o(.constdata) refers (Special) to iusefp.o(.text) for __I$use$fp
    rred.o(i.__ieee754_rem_pio2) refers (Special) to iusefp.o(.text) for __I$use$fp
    rred.o(i.__ieee754_rem_pio2) refers to dadd.o(.text) for __aeabi_dsub
    rred.o(i.__ieee754_rem_pio2) refers to dmul.o(.text) for __aeabi_dmul
    rred.o(i.__ieee754_rem_pio2) refers to dfixi.o(.text) for __aeabi_d2iz
    rred.o(i.__ieee754_rem_pio2) refers to dflti.o(.text) for __aeabi_i2d
    rred.o(i.__ieee754_rem_pio2) refers to dfltui.o(.text) for __aeabi_ui2d
    rred.o(i.__ieee754_rem_pio2) refers to dscalb.o(.text) for __ARM_scalbn
    rred.o(i.__ieee754_rem_pio2) refers to rred.o(.constdata) for .constdata
    rred.o(i.__use_accurate_range_reduction) refers (Special) to iusefp.o(.text) for __I$use$fp
    rred.o(.constdata) refers (Special) to iusefp.o(.text) for __I$use$fp
    sin_i.o(i.__kernel_sin) refers (Special) to iusefp.o(.text) for __I$use$fp
    sin_i.o(i.__kernel_sin) refers to fpclassify.o(i.__ARM_fpclassify) for __ARM_fpclassify
    sin_i.o(i.__kernel_sin) refers to dunder.o(i.__mathlib_dbl_underflow) for __mathlib_dbl_underflow
    sin_i.o(i.__kernel_sin) refers to dmul.o(.text) for __aeabi_dmul
    sin_i.o(i.__kernel_sin) refers to poly.o(i.__kernel_poly) for __kernel_poly
    sin_i.o(i.__kernel_sin) refers to dscalb.o(.text) for __ARM_scalbn
    sin_i.o(i.__kernel_sin) refers to dadd.o(.text) for __aeabi_dsub
    sin_i.o(i.__kernel_sin) refers to sin_i.o(.constdata) for .constdata
    sin_i.o(.constdata) refers (Special) to iusefp.o(.text) for __I$use$fp
    sin_i_x.o(i.____kernel_sin$lsc) refers (Special) to iusefp.o(.text) for __I$use$fp
    sin_i_x.o(i.____kernel_sin$lsc) refers to dmul.o(.text) for __aeabi_dmul
    sin_i_x.o(i.____kernel_sin$lsc) refers to poly.o(i.__kernel_poly) for __kernel_poly
    sin_i_x.o(i.____kernel_sin$lsc) refers to dscalb.o(.text) for __ARM_scalbn
    sin_i_x.o(i.____kernel_sin$lsc) refers to dadd.o(.text) for __aeabi_dsub
    sin_i_x.o(i.____kernel_sin$lsc) refers to sin_i_x.o(.constdata) for .constdata
    sin_i_x.o(.constdata) refers (Special) to iusefp.o(.text) for __I$use$fp
    entry2.o(.ARM.Collect$$$$00000001) refers to entry2.o(.ARM.Collect$$$$00002712) for __lit__00000000
    entry2.o(.ARM.Collect$$$$00002712) refers to startup_stm32f103xb.o(STACK) for __initial_sp
    entry2.o(__vectab_stack_and_reset_area) refers to startup_stm32f103xb.o(STACK) for __initial_sp
    entry2.o(__vectab_stack_and_reset_area) refers to entry.o(.ARM.Collect$$$$00000000) for __main
    entry5.o(.ARM.Collect$$$$00000004) refers to init.o(.text) for __scatterload
    entry9a.o(.ARM.Collect$$$$0000000B) refers to main.o(i.main) for main
    entry9b.o(.ARM.Collect$$$$0000000C) refers to main.o(i.main) for main
    uldiv.o(.text) refers to llushr.o(.text) for __aeabi_llsr
    uldiv.o(.text) refers to llshl.o(.text) for __aeabi_llsl
    errno.o(i.__aeabi_errno_addr) refers to errno.o(.data) for .data
    errno.o(i.__read_errno) refers to errno.o(.data) for .data
    errno.o(i.__set_errno) refers to errno.o(.data) for .data
    fsqrt.o(.text) refers to fepilogue.o(.text) for _float_round
    depilogue.o(.text) refers to llshl.o(.text) for __aeabi_llsl
    depilogue.o(.text) refers to llushr.o(.text) for __aeabi_llsr
    dsqrt.o(.text) refers to llushr.o(.text) for __aeabi_llsr
    dsqrt.o(.text) refers to depilogue.o(.text) for _double_round
    dfixul.o(.text) refers to llushr.o(.text) for __aeabi_llsr
    dfixul.o(.text) refers to llshl.o(.text) for __aeabi_llsl
    init.o(.text) refers to entry5.o(.ARM.Collect$$$$00000004) for __main_after_scatterload

